<html>
<body>
<pre>
<h1>µVision Build Log</h1>
<h2>Tool Versions:</h2>
IDE-Version: µVision V5.34.0.0
Copyright (C) 2021 ARM Ltd and ARM Germany GmbH. All rights reserved.
License Information: Quoc Bui, BK, LIC=8VRJ7-EPC4U-HL7CL-088UN-UHXEQ-3T80K
 
Tool Versions:
Toolchain:       MDK-ARM Plus  Version: 5.34.0.0
Toolchain Path:  C:\Keil_v5\ARM\ARMCC\Bin
C Compiler:      Armcc.exe V5.06 update 7 (build 960)
Assembler:       Armasm.exe V5.06 update 7 (build 960)
Linker/Locator:  ArmLink.exe V5.06 update 7 (build 960)
Library Manager: ArmAr.exe V5.06 update 7 (build 960)
Hex Converter:   FromElf.exe V5.06 update 7 (build 960)
CPU DLL:         SARMCM3.DLL V5.34.0.0
Dialog DLL:      DARMCM1.DLL V1.19.4.0
Target DLL:      STLink\ST-LINKIII-KEIL_SWO.dll V3.0.8.0
Dialog DLL:      TARMCM1.DLL V1.14.3.0
 
<h2>Project:</h2>
C:\Users\quocq\ST\BlueNRG-1_2 DK 3.2.1\Project\BLE_Examples\BLE_Throughput_EXT\MDK-ARM\BlueNRG-2\BLE_Throughput_EXT.uvprojx
Project File Date:  04/22/2021

<h2>Output:</h2>
*** Using Compiler 'V5.06 update 7 (build 960)', folder: 'C:\Keil_v5\ARM\ARMCC\Bin'
Rebuild target 'Client'
compiling osal.c...
assembling context_switch.s...
compiling miscutil.c...
compiling BlueNRG1_flash.c...
compiling BlueNRG1_mft.c...
compiling gp_timer.c...
compiling BlueNRG1_dma.c...
compiling clock.c...
compiling BlueNRG1_i2c.c...
compiling BlueNRG1_gpio.c...
compiling BlueNRG1_adc.c...
compiling BlueNRG1_pka.c...
compiling misc.c...
compiling BlueNRG1_wdg.c...
compiling BlueNRG1_sysCtrl.c...
compiling BlueNRG1_rtc.c...
compiling SDK_EVAL_Button.c...
compiling BlueNRG1_uart.c...
compiling BlueNRG1_spi.c...
compiling SDK_EVAL_Com.c...
compiling stack_user_cfg.c...
compiling SDK_EVAL_Config.c...
compiling SDK_EVAL_Led.c...
compiling BlueNRG1_it.c...
compiling BLE_Throughput_EXT_main.c...
compiling gatt_db.c...
compiling system_bluenrg1.c...
compiling throughput.c...
linking...
Program Size: Code=95968 RO-data=1620 RW-data=1688 ZI-data=19884  
FromELF: creating hex file...
After Build - User command #1: fromelf.exe --bin Client\Objects\BLE_Throughput_EXT_Client.axf --output Client\Objects\BLE_Throughput_EXT_Client.bin
".\Client\Objects\BLE_Throughput_EXT_Client.axf" - 0 Error(s), 0 Warning(s).

<h2>Software Packages used:</h2>

Package Vendor: Keil
                http://www.keil.com/pack/Keil.STBlueNRG-2_DFP.1.0.1.pack
                Keil.STBlueNRG-2_DFP.1.0.1
                STMicroelectronics BlueNRG-2 Series Device Support

<h2>Collection of Component include folders:</h2>

<h2>Collection of Component Files used:</h2>
Build Time Elapsed:  00:00:02
</pre>
</body>
</html>
