Component: ARM Compiler 5.06 update 7 (build 960) Tool: armlink [4d3601]

==============================================================================

Section Cross References

    clock.o(i.Clock_Time) refers to clock.o(.data) for .data
    clock.o(i.Clock_Wait) refers to clock.o(.data) for .data
    clock.o(i.SysCount_Handler) refers to clock.o(.data) for .data
    context_switch.o(. text) refers to system_bluenrg1.o(.savedMSP) for savedMSP
    context_switch.o(. text) refers to system_bluenrg1.o(.data) for savedICSR
    context_switch.o(. text) refers to system_bluenrg1.o(.data) for savedSHCSR
    context_switch.o(. text) refers to system_bluenrg1.o(.data) for savedNVIC_ISPR
    gp_timer.o(i.Timer_Expired) refers to clock.o(i.Clock_Time) for Clock_Time
    gp_timer.o(i.Timer_Remaining) refers to clock.o(i.Clock_Time) for Clock_Time
    gp_timer.o(i.Timer_Restart) refers to clock.o(i.Clock_Time) for Clock_Time
    gp_timer.o(i.Timer_Set) refers to clock.o(i.Clock_Time) for Clock_Time
    miscutil.o(i.BLEPLAT_get_part_info) refers to miscutil.o(i.HAL_GetPartInfo) for HAL_GetPartInfo
    miscutil.o(i.HAL_CrashHandler) refers to uwrite4.o(.text) for __aeabi_uwrite4
    miscutil.o(i.HAL_CrashHandler) refers to miscutil.o(.__crash_RAM) for .__crash_RAM
    miscutil.o(i.HAL_GetCrashInfo) refers to memmove.o(.text) for __aeabi_memcpy
    miscutil.o(i.HAL_GetCrashInfo) refers to uwrite4.o(.text) for __aeabi_uwrite4
    miscutil.o(i.HAL_GetCrashInfo) refers to miscutil.o(.__crash_RAM) for .__crash_RAM
    osal.o(i.Osal_MemCmp) refers to memcmp.o(.text) for memcmp
    osal.o(i.Osal_MemCpy) refers to memmove.o(.text) for memcpy
    osal.o(i.Osal_MemSet) refers to memseta.o(.text) for memset
    bluenrg1_adc.o(i.ADC_CompensateOutputValue) refers to fmul.o(.text) for __aeabi_fmul
    bluenrg1_adc.o(i.ADC_CompensateOutputValue) refers to fadd.o(.text) for __aeabi_fsub
    bluenrg1_adc.o(i.ADC_CompensateOutputValue) refers to bluenrg1_adc.o(.data) for .data
    bluenrg1_adc.o(i.ADC_ConvertBatterySensor) refers to bluenrg1_adc.o(i.ADC_ConvertSingleEndedVoltage) for ADC_ConvertSingleEndedVoltage
    bluenrg1_adc.o(i.ADC_ConvertBatterySensor) refers to fmul.o(.text) for __aeabi_fmul
    bluenrg1_adc.o(i.ADC_ConvertDifferentialVoltage) refers to ffltui.o(.text) for __aeabi_ui2f
    bluenrg1_adc.o(i.ADC_ConvertDifferentialVoltage) refers to fflti.o(.text) for __aeabi_i2f
    bluenrg1_adc.o(i.ADC_ConvertDifferentialVoltage) refers to fdiv.o(.text) for __aeabi_fdiv
    bluenrg1_adc.o(i.ADC_ConvertDifferentialVoltage) refers to fadd.o(.text) for __aeabi_fadd
    bluenrg1_adc.o(i.ADC_ConvertDifferentialVoltage) refers to fmul.o(.text) for __aeabi_fmul
    bluenrg1_adc.o(i.ADC_ConvertSingleEndedVoltage) refers to fflti.o(.text) for __aeabi_i2f
    bluenrg1_adc.o(i.ADC_ConvertSingleEndedVoltage) refers to ffltui.o(.text) for __aeabi_ui2f
    bluenrg1_adc.o(i.ADC_ConvertSingleEndedVoltage) refers to fadd.o(.text) for __aeabi_fadd
    bluenrg1_adc.o(i.ADC_ConvertSingleEndedVoltage) refers to f2d.o(.text) for __aeabi_f2d
    bluenrg1_adc.o(i.ADC_ConvertSingleEndedVoltage) refers to fdiv.o(.text) for __aeabi_fdiv
    bluenrg1_adc.o(i.ADC_ConvertSingleEndedVoltage) refers to fmul.o(.text) for __aeabi_fmul
    bluenrg1_adc.o(i.ADC_ConvertSingleEndedVoltage) refers to dadd.o(.text) for __aeabi_drsub
    bluenrg1_adc.o(i.ADC_ConvertSingleEndedVoltage) refers to dmul.o(.text) for __aeabi_dmul
    bluenrg1_adc.o(i.ADC_ConvertSingleEndedVoltage) refers to d2f.o(.text) for __aeabi_d2f
    bluenrg1_adc.o(i.ADC_ConvertTemperatureSensor) refers to bluenrg1_adc.o(i.ADC_ConvertSingleEndedVoltage) for ADC_ConvertSingleEndedVoltage
    bluenrg1_adc.o(i.ADC_ConvertTemperatureSensor) refers to fmul.o(.text) for __aeabi_fmul
    bluenrg1_adc.o(i.ADC_ConvertTemperatureSensor) refers to fadd.o(.text) for __aeabi_fsub
    bluenrg1_adc.o(i.ADC_ConvertTemperatureSensorFarenait) refers to bluenrg1_adc.o(i.ADC_ConvertSingleEndedVoltage) for ADC_ConvertSingleEndedVoltage
    bluenrg1_adc.o(i.ADC_ConvertTemperatureSensorFarenait) refers to f2d.o(.text) for __aeabi_f2d
    bluenrg1_adc.o(i.ADC_ConvertTemperatureSensorFarenait) refers to dmul.o(.text) for __aeabi_dmul
    bluenrg1_adc.o(i.ADC_ConvertTemperatureSensorFarenait) refers to dadd.o(.text) for __aeabi_dsub
    bluenrg1_adc.o(i.ADC_ConvertTemperatureSensorFarenait) refers to d2f.o(.text) for __aeabi_d2f
    bluenrg1_adc.o(i.ADC_GetConvertedData) refers to bluenrg1_adc.o(i.ADC_GetRawData) for ADC_GetRawData
    bluenrg1_adc.o(i.ADC_GetConvertedData) refers to fflti.o(.text) for __aeabi_i2f
    bluenrg1_adc.o(i.ADC_GetConvertedData) refers to bluenrg1_adc.o(i.ADC_ConvertSingleEndedVoltage) for ADC_ConvertSingleEndedVoltage
    bluenrg1_adc.o(i.ADC_GetConvertedData) refers to bluenrg1_adc.o(i.ADC_ConvertDifferentialVoltage) for ADC_ConvertDifferentialVoltage
    bluenrg1_adc.o(i.ADC_GetConvertedData) refers to bluenrg1_adc.o(i.ADC_ConvertBatterySensor) for ADC_ConvertBatterySensor
[...]
    0x10048fe8   0x10048fe8   0x00000004   Code   RO         1979    i.PRIV_controller_privacy_csr_ucfg  stack_user_cfg.o
    0x10048fec   0x10048fec   0x000005ac   Code   RO         3307    i.PRIV_u32ProcessAdvPacket  libbluenrg1_stack.a(ll_privacy.o)
    0x10049598   0x10049598   0x00000008   Code   RO         1980    i.PRIV_u32ProcessAdvPacket_ucfg  stack_user_cfg.o
    0x100495a0   0x100495a0   0x00000118   Code   RO         3309    i.PRIV_u8OfflineProcessing  libbluenrg1_stack.a(ll_privacy.o)
    0x100496b8   0x100496b8   0x00000008   Code   RO         1981    i.PRIV_u8OfflineProcessing_ucfg  stack_user_cfg.o
    0x100496c0   0x100496c0   0x00000110   Code   RO         3311    i.PRIV_u8ResolvePrivateAddress  libbluenrg1_stack.a(ll_privacy.o)
    0x100497d0   0x100497d0   0x00000034   Code   RO         3312    i.PRIV_u8ResolvePrivateAddressUnit  libbluenrg1_stack.a(ll_privacy.o)
    0x10049804   0x10049804   0x00000062   Code   RO         3313    i.PRIV_vGeneratePrivateAddress  libbluenrg1_stack.a(ll_privacy.o)
    0x10049866   0x10049866   0x00000008   Code   RO         1982    i.PRIV_vGeneratePrivateAddress_ucfg  stack_user_cfg.o
    0x1004986e   0x1004986e   0x00000002   PAD
    0x10049870   0x10049870   0x0000017c   Code   RO         3315    i.PRIV_vGenerate_hci_le_direct_advertising_report_event  libbluenrg1_stack.a(ll_privacy.o)
    0x100499ec   0x100499ec   0x00000010   Code   RO         1983    i.PRIV_vGenerate_hci_le_direct_advertising_report_event_ucfg  stack_user_cfg.o
    0x100499fc   0x100499fc   0x000001e8   Code   RO         3317    i.PRIV_vGenerate_hci_le_enhanced_connection_complete_event  libbluenrg1_stack.a(ll_privacy.o)
    0x10049be4   0x10049be4   0x00000016   Code   RO         1984    i.PRIV_vGenerate_hci_le_enhanced_connection_complete_event_ucfg  stack_user_cfg.o
    0x10049bfa   0x10049bfa   0x00000002   Code   RO         2522    i.PendSV_Handler    system_bluenrg1.o
    0x10049bfc   0x10049bfc   0x0000000e   Code   RO         3803    i.Pm_Resize_Host_Acl_Pckt  libbluenrg1_stack.a(gatt_server.o)
    0x10049c0a   0x10049c0a   0x0000000e   Code   RO         4159    i.Pm_Resize_Host_Acl_Pckt  libbluenrg1_stack.a(att.o)
    0x10049c18   0x10049c18   0x0000000e   Code   RO         4191    i.Pm_Resize_Host_Acl_Pckt  libbluenrg1_stack.a(rom_att.o)
    0x10049c26   0x10049c26   0x00000002   PAD
    0x10049c28   0x10049c28   0x00000178   Code   RO         4160    i.Prepare_Write_Resp  libbluenrg1_stack.a(att.o)
    0x10049da0   0x10049da0   0x00000074   Code   RO         2869    i.Process_InputData  chat.o
    0x10049e14   0x10049e14   0x000001f8   Code   RO         3804    i.Process_Peer_Client_Data  libbluenrg1_stack.a(gatt_server.o)
    0x1004a00c   0x1004a00c   0x0000016c   Code   RO         3805    i.Process_Peer_Server_Data  libbluenrg1_stack.a(gatt_server.o)
    0x1004a178   0x1004a178   0x00000218   Code   RO         3268    i.RAL_Isr           libbluenrg1_stack.a(ll_isr.o)
    0x1004a390   0x1004a390   0x00000020   Code   RO         2523    i.RESET_HANDLER     system_bluenrg1.o
    0x1004a3b0   0x1004a3b0   0x00000002   Code   RO         2524    i.RTC_Handler       system_bluenrg1.o
    0x1004a3b2   0x1004a3b2   0x00000140   Code   RO         4161    i.Read_Blob_Resp    libbluenrg1_stack.a(att.o)
    0x1004a4f2   0x1004a4f2   0x00000002   PAD
    0x1004a4f4   0x1004a4f4   0x000001e4   Code   RO         4162    i.Read_By_Grp_Type_Resp  libbluenrg1_stack.a(att.o)
    0x1004a6d8   0x1004a6d8   0x000002d4   Code   RO         4163    i.Read_By_Type_Resp  libbluenrg1_stack.a(att.o)
    0x1004a9ac   0x1004a9ac   0x00000194   Code   RO         4164    i.Read_Multi_Resp   libbluenrg1_stack.a(att.o)
    0x1004ab40   0x1004ab40   0x0000012a   Code   RO         4165    i.Read_Resp         libbluenrg1_stack.a(att.o)
    0x1004ac6a   0x1004ac6a   0x00000002   PAD
    0x1004ac6c   0x1004ac6c   0x000000c0   Code   RO         3352    i.Reclassify_All_Channels  libbluenrg1_stack.a(ll_routines_master.o)
    0x1004ad2c   0x1004ad2c   0x00000008   Code   RO         1985    i.Reclassify_All_Channels_ucfg  stack_user_cfg.o
    0x1004ad34   0x1004ad34   0x0000002c   Code   RO         2870    i.Reset_DiscoveryContext  chat.o
    0x1004ad60   0x1004ad60   0x00000184   Code   RO         4049    i.SDB_Add_Record    libbluenrg1_stack.a(sdb.o)
    0x1004aee4   0x1004aee4   0x000000a0   Code   RO         4051    i.SDB_Find_Matching_LTK  libbluenrg1_stack.a(sdb.o)
    0x1004af84   0x1004af84   0x000000c4   Code   RO         4052    i.SDB_Find_Record   libbluenrg1_stack.a(sdb.o)
    0x1004b048   0x1004b048   0x00000044   Code   RO         4054    i.SDB_Get_Number_Of_Valid_Records  libbluenrg1_stack.a(sdb.o)
    0x1004b08c   0x1004b08c   0x000000b8   Code   RO         4055    i.SDB_flash_write_client_data  libbluenrg1_stack.a(sdb.o)
    0x1004b144   0x1004b144   0x000000d8   Code   RO         4056    i.SDB_get_security_data_record  libbluenrg1_stack.a(sdb.o)
    0x1004b21c   0x1004b21c   0x0000003c   Code   RO         4057    i.SDB_read_peer_bonded_data  libbluenrg1_stack.a(sdb.o)
    0x1004b258   0x1004b258   0x0000003c   Code   RO         2525    i.SET_BORconfigStatus  system_bluenrg1.o
    0x1004b294   0x1004b294   0x00000028   Code   RO         4071    i.SMA_Diversify     libbluenrg1_stack.a(smp_algo_sap.o)
    0x1004b2bc   0x1004b2bc   0x00000028   Code   RO         4072    i.SMA_Generate_CSRK  libbluenrg1_stack.a(smp_algo_sap.o)
    0x1004b2e4   0x1004b2e4   0x00000028   Code   RO         4073    i.SMA_Generate_IRK  libbluenrg1_stack.a(smp_algo_sap.o)
    0x1004b30c   0x1004b30c   0x00000026   Code   RO         4074    i.SMA_LP_s1_Generate_STK  libbluenrg1_stack.a(smp_algo_sap.o)
    0x1004b332   0x1004b332   0x00000050   Code   RO         4075    i.SMA_SC_Gen_f4_Confirm  libbluenrg1_stack.a(smp_algo_sap.o)
    0x1004b382   0x1004b382   0x00000002   PAD
    0x1004b384   0x1004b384   0x000000e0   Code   RO         4076    i.SMA_SC_Gen_f5_Keys  libbluenrg1_stack.a(smp_algo_sap.o)
    0x1004b464   0x1004b464   0x00000084   Code   RO         4077    i.SMA_SC_Gen_f6_Check_Val  libbluenrg1_stack.a(smp_algo_sap.o)
    0x1004b4e8   0x1004b4e8   0x00000058   Code   RO         4078    i.SMA_SC_Gen_g2_NumComp_Val  libbluenrg1_stack.a(smp_algo_sap.o)
    0x1004b540   0x1004b540   0x00000074   Code   RO         4079    i.SMA_generate_EDIV_recovery_DIV  libbluenrg1_stack.a(smp_algo_sap.o)
    0x1004b5b4   0x1004b5b4   0x0000003c   Code   RO         4089    i.SMP_Init          libbluenrg1_stack.a(smp_common.o)
    0x1004b5f0   0x1004b5f0   0x0000014c   Code   RO         3424    i.SMP_MI_PairingRequest_Send  libbluenrg1_stack.a(securitymgr.o)
    0x1004b73c   0x1004b73c   0x0000019c   Code   RO         3425    i.SMP_Process_Q     libbluenrg1_stack.a(securitymgr.o)
    0x1004b8d8   0x1004b8d8   0x00000044   Code   RO         4090    i.SMP_Protocol_Timer_cb  libbluenrg1_stack.a(smp_common.o)
    0x1004b91c   0x1004b91c   0x000000f8   Code   RO         4094    i.SMP_acl_data_hndl  libbluenrg1_stack.a(smp_common.o)
    0x1004ba14   0x1004ba14   0x00000020   Code   RO         4097    i.SMP_check_encryption_key_size  libbluenrg1_stack.a(smp_common.o)
    0x1004ba34   0x1004ba34   0x00000048   Code   RO         4098    i.SMP_check_is_device_bonded  libbluenrg1_stack.a(smp_common.o)
    0x1004ba7c   0x1004ba7c   0x00000094   Code   RO         4099    i.SMP_connection_complete_handler  libbluenrg1_stack.a(smp_common.o)
    0x1004bb10   0x1004bb10   0x0000001c   Code   RO         4100    i.SMP_forget_device_by_conn_handle  libbluenrg1_stack.a(smp_common.o)
    0x1004bb2c   0x1004bb2c   0x0000002e   Code   RO         4101    i.SMP_get_link_status  libbluenrg1_stack.a(smp_common.o)
    0x1004bb5a   0x1004bb5a   0x00000002   PAD
    0x1004bb5c   0x1004bb5c   0x0000004c   Code   RO         4102    i.SMP_get_remote_device_list_item  libbluenrg1_stack.a(smp_common.o)
    0x1004bba8   0x1004bba8   0x00000040   Code   RO         4104    i.SMP_hci_disconnection_complete_evt_hndl  libbluenrg1_stack.a(smp_common.o)
    0x1004bbe8   0x1004bbe8   0x00000120   Code   RO         4105    i.SMP_hci_encryption_change_evt_hndl  libbluenrg1_stack.a(smp_common.o)
    0x1004bd08   0x1004bd08   0x0000002e   Code   RO         4106    i.SMP_hci_le_connection_complete_evt_hndl  libbluenrg1_stack.a(smp_common.o)
    0x1004bd36   0x1004bd36   0x00000052   Code   RO         4107    i.SMP_hci_le_enhanced_connection_complete_evt_hndl  libbluenrg1_stack.a(smp_common.o)
    0x1004bd88   0x1004bd88   0x00000038   Code   RO         4108    i.SMP_hci_le_long_term_key_request_evt_hndl  libbluenrg1_stack.a(smp_common.o)
    0x1004bdc0   0x1004bdc0   0x00000078   Code   RO         4109    i.SMP_repeated_attacks_timer_cb  libbluenrg1_stack.a(smp_common.o)
    0x1004be38   0x1004be38   0x00000040   Code   RO         4110    i.SMP_reset_timer   libbluenrg1_stack.a(smp_common.o)
    0x1004be78   0x1004be78   0x00000022   Code   RO         3511    i.SMP_sc_force_debug_key_usage  libbluenrg1_stack.a(smp_scv42_sap.o)
    0x1004be9a   0x1004be9a   0x0000007a   Code   RO         4115    i.SMP_validate_signed_packet  libbluenrg1_stack.a(smp_common.o)
    0x1004bf14   0x1004bf14   0x0000004e   Code   RO         4080    i.SM_Generate_Resolvable_Private_Address  libbluenrg1_stack.a(smp_algo_sap.o)
    0x1004bf62   0x1004bf62   0x00000022   Code   RO         4081    i.SM_Resolve_Private_Address  libbluenrg1_stack.a(smp_algo_sap.o)
    0x1004bf84   0x1004bf84   0x00000002   Code   RO         2526    i.SPI_Handler       system_bluenrg1.o
    0x1004bf86   0x1004bf86   0x00000002   Code   RO         2810    i.SVC_Handler       bluenrg1_it.o
    0x1004bf88   0x1004bf88   0x0000001c   Code   RO         1726    i.SdkEvalComIOConfig  sdk_eval_com.o
    0x1004bfa4   0x1004bfa4   0x00000010   Code   RO         1728    i.SdkEvalComIOReceiveData  sdk_eval_com.o
    0x1004bfb4   0x1004bfb4   0x00000008   Code   RO         1729    i.SdkEvalComIOSendData  sdk_eval_com.o
    0x1004bfbc   0x1004bfbc   0x0000002a   Code   RO         1731    i.SdkEvalComIOUartIrqHandler  sdk_eval_com.o
    0x1004bfe6   0x1004bfe6   0x00000002   PAD
    0x1004bfe8   0x1004bfe8   0x000000a0   Code   RO         1733    i.SdkEvalComUartInit  sdk_eval_com.o
    0x1004c088   0x1004c088   0x00000020   Code   RO         1734    i.SdkEvalComUartIrqConfig  sdk_eval_com.o
    0x1004c0a8   0x1004c0a8   0x0000000c   Code   RO         1858    i.SdkEvalGetVersion  sdk_eval_config.o
    0x1004c0b4   0x1004c0b4   0x0000000c   Code   RO         1859    i.SdkEvalIdentification  sdk_eval_config.o
    0x1004c0c0   0x1004c0c0   0x00000016   Code   RO         1735    i.SdkEvalUart_Send_Data  sdk_eval_com.o
    0x1004c0d6   0x1004c0d6   0x00000002   PAD
    0x1004c0d8   0x1004c0d8   0x00000050   Code   RO         3806    i.Select_Next_Notification_Client  libbluenrg1_stack.a(gatt_server.o)
    0x1004c128   0x1004c128   0x000000a8   Code   RO         2871    i.Send_Data_Over_BLE  chat.o
    0x1004c1d0   0x1004c1d0   0x0000004c   Code   RO         3807    i.Send_Notif_Or_Ind  libbluenrg1_stack.a(gatt_server.o)
    0x1004c21c   0x1004c21c   0x00000050   Code   RO         3841    i.Set_Host_Timer_value  libbluenrg1_stack.a(host_timer.o)
    0x1004c26c   0x1004c26c   0x00000048   Code   RO         2528    i.Set_RF_FrontEnd   system_bluenrg1.o
    0x1004c2b4   0x1004c2b4   0x000000f4   Code   RO         2872    i.Setup_DeviceAddress  chat.o
    0x1004c3a8   0x1004c3a8   0x00000024   Code   RO         3979    i.Start_Gatt_Timer  libbluenrg1_stack.a(rom_gatt_server.o)
    0x1004c3cc   0x1004c3cc   0x0000001c   Code   RO         3980    i.Stop_Gatt_Timer   libbluenrg1_stack.a(rom_gatt_server.o)
    0x1004c3e8   0x1004c3e8   0x00000010   Code   RO            8    i.SysCount_Handler  clock.o
    0x1004c3f8   0x1004c3f8   0x00000098   Code   RO         1399    i.SysCtrl_GetWakeupResetReason  bluenrg1_sysctrl.o
    0x1004c490   0x1004c490   0x00000018   Code   RO         1400    i.SysCtrl_PeripheralClockCmd  bluenrg1_sysctrl.o
    0x1004c4a8   0x1004c4a8   0x00000008   Code   RO         2811    i.SysTick_Handler   bluenrg1_it.o
    0x1004c4b0   0x1004c4b0   0x000000b8   Code   RO         2530    i.SystemInit        system_bluenrg1.o
    0x1004c568   0x1004c568   0x0000007c   Code   RO         3842    i.TimerCallback     libbluenrg1_stack.a(host_timer.o)
    0x1004c5e4   0x1004c5e4   0x0000001c   Code   RO          110    i.Timer_Expired     gp_timer.o
    0x1004c600   0x1004c600   0x00000014   Code   RO         3843    i.Timer_ExpiryCallback  libbluenrg1_stack.a(host_timer.o)
    0x1004c614   0x1004c614   0x00000034   Code   RO         3844    i.Timer_Init        libbluenrg1_stack.a(host_timer.o)
    0x1004c648   0x1004c648   0x0000011c   Code   RO         3845    i.Timer_ProcessQ    libbluenrg1_stack.a(host_timer.o)
    0x1004c764   0x1004c764   0x0000000e   Code   RO          114    i.Timer_Set         gp_timer.o
    0x1004c772   0x1004c772   0x00000022   Code   RO         3846    i.Timer_StartOneShot  libbluenrg1_stack.a(host_timer.o)
    0x1004c794   0x1004c794   0x00000074   Code   RO         3847    i.Timer_StartOneShot_sysTime32  libbluenrg1_stack.a(host_timer.o)
    0x1004c808   0x1004c808   0x00000058   Code   RO         3848    i.Timer_StopOneShot  libbluenrg1_stack.a(host_timer.o)
    0x1004c860   0x1004c860   0x00000024   Code   RO         3850    i.Timer_sysTime32_convMachineTime  libbluenrg1_stack.a(host_timer.o)
    0x1004c884   0x1004c884   0x0000001c   Code   RO         1445    i.UART_Cmd          bluenrg1_uart.o
    0x1004c8a0   0x1004c8a0   0x0000001c   Code   RO         1448    i.UART_GetFlagStatus  bluenrg1_uart.o
    0x1004c8bc   0x1004c8bc   0x00000014   Code   RO         1449    i.UART_GetITStatus  bluenrg1_uart.o
    0x1004c8d0   0x1004c8d0   0x00000008   Code   RO         2812    i.UART_Handler      bluenrg1_it.o
    0x1004c8d8   0x1004c8d8   0x00000018   Code   RO         1450    i.UART_ITConfig     bluenrg1_uart.o
    0x1004c8f0   0x1004c8f0   0x00000138   Code   RO         1451    i.UART_Init         bluenrg1_uart.o
    0x1004ca28   0x1004ca28   0x0000000c   Code   RO         1454    i.UART_ReceiveData  bluenrg1_uart.o
    0x1004ca34   0x1004ca34   0x00000018   Code   RO         1456    i.UART_RxFifoIrqLevelConfig  bluenrg1_uart.o
    0x1004ca4c   0x1004ca4c   0x00000010   Code   RO         1458    i.UART_SendData     bluenrg1_uart.o
    0x1004ca5c   0x1004ca5c   0x00000002   Code   RO         2532    i.WDG_Handler       system_bluenrg1.o
    0x1004ca5e   0x1004ca5e   0x0000000a   Code   RO         4035    i.WindowWiden1      libbluenrg1_stack.a(rom_ll_timehandling.o)
    0x1004ca68   0x1004ca68   0x00000010   Code   RO         4036    i.WindowWiden2      libbluenrg1_stack.a(rom_ll_timehandling.o)
    0x1004ca78   0x1004ca78   0x000001b0   Code   RO         4059    i.Write_Client_Data  libbluenrg1_stack.a(sdb.o)
    0x1004cc28   0x1004cc28   0x0000012c   Code   RO         4166    i.Write_Cmd         libbluenrg1_stack.a(att.o)
    0x1004cd54   0x1004cd54   0x0000013c   Code   RO         4167    i.Write_Resp        libbluenrg1_stack.a(att.o)
    0x1004ce90   0x1004ce90   0x000000e8   Code   RO         3147    i._BlueNRG_Stack_Initialization  libbluenrg1_stack.a(bluenrg_main_func.o)
    0x1004cf78   0x1004cf78   0x00000064   Code   RO         3183    i._GAP_Parse_Advertising_Report  libbluenrg1_stack.a(gap.o)
    0x1004cfdc   0x1004cfdc   0x00000020   Code   RO         4460    i.__0printf$8       mc_p.l(printf8.o)
    0x1004cffc   0x1004cffc   0x0000001a   Code   RO         3283    i.__ARM_common_memcpy1_6  libbluenrg1_stack.a(ll_isr.o)
    0x1004d016   0x1004d016   0x0000001a   Code   RO         3812    i.__ARM_common_switch8  libbluenrg1_stack.a(gatt_server.o)
    0x1004d030   0x1004d030   0x000000c0   Code   RO         2534    i.__low_level_init  system_bluenrg1.o
    0x1004d0f0   0x1004d0f0   0x0000000e   Code   RO         4579    i.__scatterload_copy  mc_p.l(handlers.o)
    0x1004d0fe   0x1004d0fe   0x00000002   Code   RO         4580    i.__scatterload_null  mc_p.l(handlers.o)
    0x1004d100   0x1004d100   0x0000000e   Code   RO         4581    i.__scatterload_zeroinit  mc_p.l(handlers.o)
    0x1004d10e   0x1004d10e   0x00000002   PAD
    0x1004d110   0x1004d110   0x0000005c   Code   RO         3031    i._aci_gap_set_discoverable_param_check  libbluenrg1_stack.a(bluenrg_gap_aci.o)
    0x1004d16c   0x1004d16c   0x00000174   Code   RO         3184    i._gap_set_discoverable_connectable  libbluenrg1_stack.a(gap.o)
    0x1004d2e0   0x1004d2e0   0x00000026   Code   RO         3077    i._load_uuid        libbluenrg1_stack.a(bluenrg_gatt_aci.o)
    0x1004d306   0x1004d306   0x00000002   PAD
    0x1004d308   0x1004d308   0x00000428   Code   RO         4467    i._printf_core      mc_p.l(printf8.o)
    0x1004d730   0x1004d730   0x00000020   Code   RO         4468    i._printf_post_padding  mc_p.l(printf8.o)
    0x1004d750   0x1004d750   0x0000002c   Code   RO         4469    i._printf_pre_padding  mc_p.l(printf8.o)
    0x1004d77c   0x1004d77c   0x00000002   Code   RO         3521    i.aci_att_exchange_mtu_resp_event  libbluenrg1_stack.a(aci_events.o)
    0x1004d77e   0x1004d77e   0x00000002   Code   RO         3522    i.aci_att_exec_write_resp_event  libbluenrg1_stack.a(aci_events.o)
    0x1004d780   0x1004d780   0x00000002   Code   RO         3523    i.aci_att_find_by_type_value_resp_event  libbluenrg1_stack.a(aci_events.o)
    0x1004d782   0x1004d782   0x00000002   PAD
    0x1004d784   0x1004d784   0x00000078   Code   RO         3748    i.aci_att_find_by_type_value_resp_event_push  libbluenrg1_stack.a(gatt_client.o)
    0x1004d7fc   0x1004d7fc   0x00000002   Code   RO         3524    i.aci_att_find_info_resp_event  libbluenrg1_stack.a(aci_events.o)
    0x1004d7fe   0x1004d7fe   0x00000002   PAD
    0x1004d800   0x1004d800   0x0000007c   Code   RO         3749    i.aci_att_find_info_resp_event_push  libbluenrg1_stack.a(gatt_client.o)
    0x1004d87c   0x1004d87c   0x00000002   Code   RO         3525    i.aci_att_prepare_write_resp_event  libbluenrg1_stack.a(aci_events.o)
    0x1004d87e   0x1004d87e   0x00000002   Code   RO         3526    i.aci_att_read_blob_resp_event  libbluenrg1_stack.a(aci_events.o)
    0x1004d880   0x1004d880   0x00000074   Code   RO         3751    i.aci_att_read_blob_resp_event_push  libbluenrg1_stack.a(gatt_client.o)
    0x1004d8f4   0x1004d8f4   0x00000002   Code   RO         3527    i.aci_att_read_by_group_type_resp_event  libbluenrg1_stack.a(aci_events.o)
    0x1004d8f6   0x1004d8f6   0x00000002   PAD
    0x1004d8f8   0x1004d8f8   0x0000007c   Code   RO         3752    i.aci_att_read_by_group_type_resp_event_push  libbluenrg1_stack.a(gatt_client.o)
    0x1004d974   0x1004d974   0x00000002   Code   RO         3528    i.aci_att_read_by_type_resp_event  libbluenrg1_stack.a(aci_events.o)
    0x1004d976   0x1004d976   0x00000002   PAD
    0x1004d978   0x1004d978   0x0000007c   Code   RO         3753    i.aci_att_read_by_type_resp_event_push  libbluenrg1_stack.a(gatt_client.o)
    0x1004d9f4   0x1004d9f4   0x00000002   Code   RO         3529    i.aci_att_read_multiple_resp_event  libbluenrg1_stack.a(aci_events.o)
    0x1004d9f6   0x1004d9f6   0x00000002   PAD
    0x1004d9f8   0x1004d9f8   0x00000074   Code   RO         3754    i.aci_att_read_multiple_resp_event_push  libbluenrg1_stack.a(gatt_client.o)
    0x1004da6c   0x1004da6c   0x00000002   Code   RO         3530    i.aci_att_read_resp_event  libbluenrg1_stack.a(aci_events.o)
    0x1004da6e   0x1004da6e   0x00000002   PAD
    0x1004da70   0x1004da70   0x00000074   Code   RO         3755    i.aci_att_read_resp_event_push  libbluenrg1_stack.a(gatt_client.o)
    0x1004dae4   0x1004dae4   0x00000002   Code   RO         3531    i.aci_att_write_resp_event  libbluenrg1_stack.a(aci_events.o)
    0x1004dae6   0x1004dae6   0x00000002   PAD
    0x1004dae8   0x1004dae8   0x00000028   Code   RO         3532    i.aci_event_fifo_push  libbluenrg1_stack.a(aci_events.o)
    0x1004db10   0x1004db10   0x000000bc   Code   RO         3533    i.aci_event_fifo_push_header  libbluenrg1_stack.a(aci_events.o)
    0x1004dbcc   0x1004dbcc   0x00000002   Code   RO         3534    i.aci_gap_addr_not_resolved_event  libbluenrg1_stack.a(aci_events.o)
    0x1004dbce   0x1004dbce   0x00000002   Code   RO         3535    i.aci_gap_authorization_req_event  libbluenrg1_stack.a(aci_events.o)
    0x1004dbd0   0x1004dbd0   0x00000054   Code   RO         4116    i.aci_gap_authorization_req_event_push  libbluenrg1_stack.a(smp_common.o)
    0x1004dc24   0x1004dc24   0x00000002   Code   RO         3536    i.aci_gap_bond_lost_event  libbluenrg1_stack.a(aci_events.o)
    0x1004dc26   0x1004dc26   0x00000020   Code   RO         1987    i.aci_gap_create_connection  stack_user_cfg.o
    0x1004dc46   0x1004dc46   0x0000005a   Code   RO         3036    i.aci_gap_create_connection_api  libbluenrg1_stack.a(bluenrg_gap_aci.o)
    0x1004dca0   0x1004dca0   0x00000002   Code   RO         3537    i.aci_gap_device_found_event  libbluenrg1_stack.a(aci_events.o)
    0x1004dca2   0x1004dca2   0x00000030   Code   RO         3041    i.aci_gap_init      libbluenrg1_stack.a(bluenrg_gap_aci.o)
    0x1004dcd2   0x1004dcd2   0x00000002   Code   RO         3538    i.aci_gap_keypress_notification_event  libbluenrg1_stack.a(aci_events.o)
    0x1004dcd4   0x1004dcd4   0x00000002   Code   RO         3539    i.aci_gap_limited_discoverable_event  libbluenrg1_stack.a(aci_events.o)
    0x1004dcd6   0x1004dcd6   0x00000002   PAD
    0x1004dcd8   0x1004dcd8   0x00000050   Code   RO         3185    i.aci_gap_limited_discoverable_event_push  libbluenrg1_stack.a(gap.o)
    0x1004dd28   0x1004dd28   0x00000002   Code   RO         3540    i.aci_gap_numeric_comparison_value_event  libbluenrg1_stack.a(aci_events.o)
    0x1004dd2a   0x1004dd2a   0x00000002   PAD
    0x1004dd2c   0x1004dd2c   0x00000058   Code   RO         3427    i.aci_gap_numeric_comparison_value_event_push  libbluenrg1_stack.a(securitymgr.o)
    0x1004dd84   0x1004dd84   0x00000002   Code   RO         3541    i.aci_gap_pairing_complete_event  libbluenrg1_stack.a(aci_events.o)
    0x1004dd86   0x1004dd86   0x00000002   PAD
    0x1004dd88   0x1004dd88   0x0000005c   Code   RO         4117    i.aci_gap_pairing_complete_event_push  libbluenrg1_stack.a(smp_common.o)
    0x1004dde4   0x1004dde4   0x00000002   Code   RO         3542    i.aci_gap_pass_key_req_event  libbluenrg1_stack.a(aci_events.o)
    0x1004dde6   0x1004dde6   0x00000002   PAD
    0x1004dde8   0x1004dde8   0x00000028   Code   RO         2873    i.aci_gap_proc_complete_event  chat.o
    0x1004de10   0x1004de10   0x00000074   Code   RO         3186    i.aci_gap_proc_complete_event_push  libbluenrg1_stack.a(gap.o)
    0x1004de84   0x1004de84   0x00000042   Code   RO         3053    i.aci_gap_set_discoverable  libbluenrg1_stack.a(bluenrg_gap_aci.o)
    0x1004dec6   0x1004dec6   0x00000014   Code   RO         3058    i.aci_gap_set_non_discoverable  libbluenrg1_stack.a(bluenrg_gap_aci.o)
    0x1004deda   0x1004deda   0x00000002   Code   RO         3544    i.aci_gap_slave_security_initiated_event  libbluenrg1_stack.a(aci_events.o)
    0x1004dedc   0x1004dedc   0x00000008   Code   RO         1994    i.aci_gap_start_general_discovery_proc  stack_user_cfg.o
    0x1004dee4   0x1004dee4   0x00000008   Code   RO         3065    i.aci_gap_start_general_discovery_proc_api  libbluenrg1_stack.a(bluenrg_gap_aci.o)
    0x1004deec   0x1004deec   0x00000008   Code   RO         3070    i.aci_gap_terminate  libbluenrg1_stack.a(bluenrg_gap_aci.o)
    0x1004def4   0x1004def4   0x00000008   Code   RO         1999    i.aci_gap_terminate_gap_proc  stack_user_cfg.o
    0x1004defc   0x1004defc   0x00000008   Code   RO         3071    i.aci_gap_terminate_gap_proc_api  libbluenrg1_stack.a(bluenrg_gap_aci.o)
    0x1004df04   0x1004df04   0x0000003e   Code   RO         3084    i.aci_gatt_add_char  libbluenrg1_stack.a(bluenrg_gatt_aci.o)
    0x1004df42   0x1004df42   0x00000036   Code   RO         3086    i.aci_gatt_add_service  libbluenrg1_stack.a(bluenrg_gatt_aci.o)
    0x1004df78   0x1004df78   0x0000000e   Code   RO         2874    i.aci_gatt_attribute_modified_event  chat.o
    0x1004df86   0x1004df86   0x00000002   PAD
    0x1004df88   0x1004df88   0x00000078   Code   RO         4168    i.aci_gatt_attribute_modified_event_push  libbluenrg1_stack.a(att.o)
    0x1004e000   0x1004e000   0x00000028   Code   RO         3096    i.aci_gatt_disc_char_by_uuid  libbluenrg1_stack.a(bluenrg_gatt_aci.o)
    0x1004e028   0x1004e028   0x00000074   Code   RO         2875    i.aci_gatt_disc_read_char_by_uuid_resp_event  chat.o
    0x1004e09c   0x1004e09c   0x00000084   Code   RO         3756    i.aci_gatt_disc_read_char_by_uuid_resp_event_push  libbluenrg1_stack.a(gatt_client.o)
    0x1004e120   0x1004e120   0x00000002   Code   RO         3547    i.aci_gatt_error_resp_event  libbluenrg1_stack.a(aci_events.o)
    0x1004e122   0x1004e122   0x00000002   PAD
    0x1004e124   0x1004e124   0x00000078   Code   RO         3757    i.aci_gatt_error_resp_event_push  libbluenrg1_stack.a(gatt_client.o)
    0x1004e19c   0x1004e19c   0x00000002   Code   RO         3548    i.aci_gatt_indication_event  libbluenrg1_stack.a(aci_events.o)
    0x1004e19e   0x1004e19e   0x00000002   PAD
    0x1004e1a0   0x1004e1a0   0x00000090   Code   RO         3808    i.aci_gatt_indication_event_push  libbluenrg1_stack.a(gatt_server.o)
    0x1004e230   0x1004e230   0x00000008   Code   RO         3101    i.aci_gatt_init     libbluenrg1_stack.a(bluenrg_gatt_aci.o)
    0x1004e238   0x1004e238   0x00000038   Code   RO         2876    i.aci_gatt_notification_event  chat.o
    0x1004e270   0x1004e270   0x00000090   Code   RO         3809    i.aci_gatt_notification_event_push  libbluenrg1_stack.a(gatt_server.o)
    0x1004e300   0x1004e300   0x00000002   Code   RO         3550    i.aci_gatt_prepare_write_permit_req_event  libbluenrg1_stack.a(aci_events.o)
    0x1004e302   0x1004e302   0x00000002   PAD
    0x1004e304   0x1004e304   0x00000034   Code   RO         2877    i.aci_gatt_proc_complete_event  chat.o
    0x1004e338   0x1004e338   0x00000058   Code   RO         3758    i.aci_gatt_proc_complete_event_push  libbluenrg1_stack.a(gatt_client.o)
    0x1004e390   0x1004e390   0x00000002   Code   RO         3552    i.aci_gatt_proc_timeout_event  libbluenrg1_stack.a(aci_events.o)
    0x1004e392   0x1004e392   0x00000002   Code   RO         3553    i.aci_gatt_read_multi_permit_req_event  libbluenrg1_stack.a(aci_events.o)
    0x1004e394   0x1004e394   0x00000068   Code   RO         4169    i.aci_gatt_read_multi_permit_req_event_push  libbluenrg1_stack.a(att.o)
    0x1004e3fc   0x1004e3fc   0x00000002   Code   RO         3554    i.aci_gatt_read_permit_req_event  libbluenrg1_stack.a(aci_events.o)
    0x1004e3fe   0x1004e3fe   0x00000002   PAD
    0x1004e400   0x1004e400   0x00000050   Code   RO         4170    i.aci_gatt_read_permit_req_event_push  libbluenrg1_stack.a(att.o)
    0x1004e450   0x1004e450   0x00000002   Code   RO         3555    i.aci_gatt_server_confirmation_event  libbluenrg1_stack.a(aci_events.o)
    0x1004e452   0x1004e452   0x00000002   PAD
    0x1004e454   0x1004e454   0x00000014   Code   RO         2878    i.aci_gatt_tx_pool_available_event  chat.o
    0x1004e468   0x1004e468   0x00000022   Code   RO         3115    i.aci_gatt_update_char_value_ext  libbluenrg1_stack.a(bluenrg_gatt_aci.o)
    0x1004e48a   0x1004e48a   0x00000008   Code   RO         3116    i.aci_gatt_write_char_desc  libbluenrg1_stack.a(bluenrg_gatt_aci.o)
    0x1004e492   0x1004e492   0x00000002   Code   RO         3557    i.aci_gatt_write_permit_req_event  libbluenrg1_stack.a(aci_events.o)
    0x1004e494   0x1004e494   0x0000006c   Code   RO         4171    i.aci_gatt_write_permit_req_event_push  libbluenrg1_stack.a(att.o)
    0x1004e500   0x1004e500   0x00000008   Code   RO         3122    i.aci_gatt_write_without_resp  libbluenrg1_stack.a(bluenrg_gatt_aci.o)
    0x1004e508   0x1004e508   0x00000002   Code   RO         3823    i.aci_hal_end_of_radio_activity_event  libbluenrg1_stack.a(hal.o)
    0x1004e50a   0x1004e50a   0x00000016   Code   RO         2730    i.aci_hal_fw_error_event  ble_chat_master_slave_main.o
    0x1004e520   0x1004e520   0x0000005c   Code   RO         3810    i.aci_hal_fw_error_event_push  libbluenrg1_stack.a(gatt_server.o)
    0x1004e57c   0x1004e57c   0x00000002   Code   RO         3559    i.aci_hal_scan_req_report_event  libbluenrg1_stack.a(aci_events.o)
    0x1004e57e   0x1004e57e   0x00000008   Code   RO         3130    i.aci_hal_set_tx_power_level  libbluenrg1_stack.a(bluenrg_hal_aci.o)
    0x1004e586   0x1004e586   0x00000008   Code   RO         3133    i.aci_hal_write_config_data  libbluenrg1_stack.a(bluenrg_hal_aci.o)
    0x1004e58e   0x1004e58e   0x00000002   Code   RO         3560    i.aci_l2cap_command_reject_event  libbluenrg1_stack.a(aci_events.o)
    0x1004e590   0x1004e590   0x00000002   Code   RO         3561    i.aci_l2cap_connection_update_req_event  libbluenrg1_stack.a(aci_events.o)
    0x1004e592   0x1004e592   0x00000002   PAD
    0x1004e594   0x1004e594   0x00000098   Code   RO         3880    i.aci_l2cap_connection_update_req_event_push  libbluenrg1_stack.a(l2cap.o)
    0x1004e62c   0x1004e62c   0x00000002   Code   RO         3562    i.aci_l2cap_connection_update_resp_event  libbluenrg1_stack.a(aci_events.o)
    0x1004e62e   0x1004e62e   0x00000002   Code   RO         3563    i.aci_l2cap_proc_timeout_event  libbluenrg1_stack.a(aci_events.o)
    0x1004e630   0x1004e630   0x00000004   Code   RO         3668    i.acl_list_first    libbluenrg1_stack.a(acl_list.o)
    0x1004e634   0x1004e634   0x00000026   Code   RO         3669    i.acl_list_full_on_packt  libbluenrg1_stack.a(acl_list.o)
    0x1004e65a   0x1004e65a   0x00000010   Code   RO         3672    i.acl_list_init     libbluenrg1_stack.a(acl_list.o)
    0x1004e66a   0x1004e66a   0x00000026   Code   RO         3673    i.acl_list_insert_head  libbluenrg1_stack.a(acl_list.o)
    0x1004e690   0x1004e690   0x0000002c   Code   RO         3674    i.acl_list_insert_tail  libbluenrg1_stack.a(acl_list.o)
    0x1004e6bc   0x1004e6bc   0x0000000e   Code   RO         3675    i.acl_list_is_empty  libbluenrg1_stack.a(acl_list.o)
    0x1004e6ca   0x1004e6ca   0x00000044   Code   RO         3677    i.acl_list_remove   libbluenrg1_stack.a(acl_list.o)
    0x1004e70e   0x1004e70e   0x0000002e   Code   RO         3678    i.acl_list_remove_head  libbluenrg1_stack.a(acl_list.o)
    0x1004e73c   0x1004e73c   0x00000260   Code   RO         3909    i.adapt_slot        libbluenrg1_stack.a(multi_master_time.o)
    0x1004e99c   0x1004e99c   0x0000001e   Code   RO         3388    i.addr_u32_from_u8  libbluenrg1_stack.a(rom_ll_isr_routines.o)
    0x1004e9ba   0x1004e9ba   0x00000020   Code   RO         4012    i.addr_u32_from_u8  libbluenrg1_stack.a(rom_ll_ll_routines.o)
    0x1004e9da   0x1004e9da   0x00000002   PAD
    0x1004e9dc   0x1004e9dc   0x00000088   Code   RO         3187    i.advParamsCheckAndSet  libbluenrg1_stack.a(gap.o)
    0x1004ea64   0x1004ea64   0x000002cc   Code   RO         3910    i.advance_slave_timing_MultiSlave  libbluenrg1_stack.a(multi_master_time.o)
    0x1004ed30   0x1004ed30   0x00000158   Code   RO         3415    i.advance_transmit  libbluenrg1_stack.a(routines_support.o)
    0x1004ee88   0x1004ee88   0x0000068c   Code   RO         3681    i.advance_wakeup_timer  libbluenrg1_stack.a(advance_wakeup_time.o)
    0x1004f514   0x1004f514   0x0000004c   Code   RO         3911    i.anchor_replace    libbluenrg1_stack.a(multi_master_time.o)
    0x1004f560   0x1004f560   0x0000001c   Code   RO         3825    i.ble_HAL_Init      libbluenrg1_stack.a(hal.o)
    0x1004f57c   0x1004f57c   0x000000f0   Code   RO         3389    i.cancel_connect_master  libbluenrg1_stack.a(rom_ll_isr_routines.o)
    0x1004f66c   0x1004f66c   0x00000008   Code   RO         2001    i.cancel_connect_master_ucfg  stack_user_cfg.o
    0x1004f674   0x1004f674   0x000001a8   Code   RO         3912    i.cancel_current_master  libbluenrg1_stack.a(multi_master_time.o)
    0x1004f81c   0x1004f81c   0x0000007c   Code   RO         3391    i.cancel_master     libbluenrg1_stack.a(rom_ll_isr_routines.o)
    0x1004f898   0x1004f898   0x000000c4   Code   RO         3857    i.cancel_slave      libbluenrg1_stack.a(isr_routines.o)
    0x1004f95c   0x1004f95c   0x00000024   Code   RO         3564    i.cb_aci_att_exchange_mtu_resp_event  libbluenrg1_stack.a(aci_events.o)
    0x1004f980   0x1004f980   0x00000020   Code   RO         3565    i.cb_aci_att_exec_write_resp_event  libbluenrg1_stack.a(aci_events.o)
    0x1004f9a0   0x1004f9a0   0x00000024   Code   RO         3566    i.cb_aci_att_find_by_type_value_resp_event  libbluenrg1_stack.a(aci_events.o)
    0x1004f9c4   0x1004f9c4   0x00000028   Code   RO         3567    i.cb_aci_att_find_info_resp_event  libbluenrg1_stack.a(aci_events.o)
    0x1004f9ec   0x1004f9ec   0x0000002c   Code   RO         3568    i.cb_aci_att_prepare_write_resp_event  libbluenrg1_stack.a(aci_events.o)
    0x1004fa18   0x1004fa18   0x00000024   Code   RO         3569    i.cb_aci_att_read_blob_resp_event  libbluenrg1_stack.a(aci_events.o)
    0x1004fa3c   0x1004fa3c   0x00000028   Code   RO         3570    i.cb_aci_att_read_by_group_type_resp_event  libbluenrg1_stack.a(aci_events.o)
    0x1004fa64   0x1004fa64   0x00000028   Code   RO         3571    i.cb_aci_att_read_by_type_resp_event  libbluenrg1_stack.a(aci_events.o)
    0x1004fa8c   0x1004fa8c   0x00000024   Code   RO         3572    i.cb_aci_att_read_multiple_resp_event  libbluenrg1_stack.a(aci_events.o)
    0x1004fab0   0x1004fab0   0x00000024   Code   RO         3573    i.cb_aci_att_read_resp_event  libbluenrg1_stack.a(aci_events.o)
    0x1004fad4   0x1004fad4   0x00000024   Code   RO         3574    i.cb_aci_att_write_resp_event  libbluenrg1_stack.a(aci_events.o)
    0x1004faf8   0x1004faf8   0x00000020   Code   RO         3575    i.cb_aci_gap_addr_not_resolved_event  libbluenrg1_stack.a(aci_events.o)
    0x1004fb18   0x1004fb18   0x00000020   Code   RO         3576    i.cb_aci_gap_authorization_req_event  libbluenrg1_stack.a(aci_events.o)
    0x1004fb38   0x1004fb38   0x0000001c   Code   RO         3577    i.cb_aci_gap_bond_lost_event  libbluenrg1_stack.a(aci_events.o)
    0x1004fb54   0x1004fb54   0x00000020   Code   RO         3578    i.cb_aci_gap_device_found_event  libbluenrg1_stack.a(aci_events.o)
    0x1004fb74   0x1004fb74   0x00000024   Code   RO         3579    i.cb_aci_gap_keypress_notification_event  libbluenrg1_stack.a(aci_events.o)
    0x1004fb98   0x1004fb98   0x0000001c   Code   RO         3580    i.cb_aci_gap_limited_discoverable_event  libbluenrg1_stack.a(aci_events.o)
    0x1004fbb4   0x1004fbb4   0x00000024   Code   RO         3581    i.cb_aci_gap_numeric_comparison_value_event  libbluenrg1_stack.a(aci_events.o)
    0x1004fbd8   0x1004fbd8   0x00000024   Code   RO         3582    i.cb_aci_gap_pairing_complete_event  libbluenrg1_stack.a(aci_events.o)
    0x1004fbfc   0x1004fbfc   0x00000020   Code   RO         3583    i.cb_aci_gap_pass_key_req_event  libbluenrg1_stack.a(aci_events.o)
    0x1004fc1c   0x1004fc1c   0x00000028   Code   RO         3584    i.cb_aci_gap_proc_complete_event  libbluenrg1_stack.a(aci_events.o)
    0x1004fc44   0x1004fc44   0x0000001c   Code   RO         3585    i.cb_aci_gap_slave_security_initiated_event  libbluenrg1_stack.a(aci_events.o)
    0x1004fc60   0x1004fc60   0x0000002c   Code   RO         3586    i.cb_aci_gatt_attribute_modified_event  libbluenrg1_stack.a(aci_events.o)
    0x1004fc8c   0x1004fc8c   0x00000028   Code   RO         3587    i.cb_aci_gatt_disc_read_char_by_uuid_resp_event  libbluenrg1_stack.a(aci_events.o)
    0x1004fcb4   0x1004fcb4   0x00000028   Code   RO         3588    i.cb_aci_gatt_error_resp_event  libbluenrg1_stack.a(aci_events.o)
    0x1004fcdc   0x1004fcdc   0x00000028   Code   RO         3589    i.cb_aci_gatt_indication_event  libbluenrg1_stack.a(aci_events.o)
    0x1004fd04   0x1004fd04   0x00000028   Code   RO         3590    i.cb_aci_gatt_notification_event  libbluenrg1_stack.a(aci_events.o)
    0x1004fd2c   0x1004fd2c   0x00000016   Code   RO         3591    i.cb_aci_gatt_prepare_write_permit_req_event  libbluenrg1_stack.a(aci_events.o)
    0x1004fd42   0x1004fd42   0x00000002   PAD
    0x1004fd44   0x1004fd44   0x00000024   Code   RO         3592    i.cb_aci_gatt_proc_complete_event  libbluenrg1_stack.a(aci_events.o)
    0x1004fd68   0x1004fd68   0x00000020   Code   RO         3593    i.cb_aci_gatt_proc_timeout_event  libbluenrg1_stack.a(aci_events.o)
    0x1004fd88   0x1004fd88   0x00000010   Code   RO         3594    i.cb_aci_gatt_read_multi_permit_req_event  libbluenrg1_stack.a(aci_events.o)
    0x1004fd98   0x1004fd98   0x00000010   Code   RO         3595    i.cb_aci_gatt_read_permit_req_event  libbluenrg1_stack.a(aci_events.o)
    0x1004fda8   0x1004fda8   0x0000000a   Code   RO         3596    i.cb_aci_gatt_server_confirmation_event  libbluenrg1_stack.a(aci_events.o)
    0x1004fdb2   0x1004fdb2   0x0000000e   Code   RO         3597    i.cb_aci_gatt_tx_pool_available_event  libbluenrg1_stack.a(aci_events.o)
    0x1004fdc0   0x1004fdc0   0x00000012   Code   RO         3598    i.cb_aci_gatt_write_permit_req_event  libbluenrg1_stack.a(aci_events.o)
    0x1004fdd2   0x1004fdd2   0x00000010   Code   RO         3599    i.cb_aci_hal_fw_error_event  libbluenrg1_stack.a(aci_events.o)
    0x1004fde2   0x1004fde2   0x00000002   PAD
    0x1004fde4   0x1004fde4   0x00000028   Code   RO         3600    i.cb_aci_hal_scan_req_report_event  libbluenrg1_stack.a(aci_events.o)
    0x1004fe0c   0x1004fe0c   0x00000016   Code   RO         3601    i.cb_aci_l2cap_command_reject_event  libbluenrg1_stack.a(aci_events.o)
    0x1004fe22   0x1004fe22   0x00000002   PAD
    0x1004fe24   0x1004fe24   0x00000034   Code   RO         3602    i.cb_aci_l2cap_connection_update_req_event  libbluenrg1_stack.a(aci_events.o)
    0x1004fe58   0x1004fe58   0x00000024   Code   RO         3603    i.cb_aci_l2cap_connection_update_resp_event  libbluenrg1_stack.a(aci_events.o)
    0x1004fe7c   0x1004fe7c   0x00000024   Code   RO         3604    i.cb_aci_l2cap_proc_timeout_event  libbluenrg1_stack.a(aci_events.o)
    0x1004fea0   0x1004fea0   0x00000002   Code   RO         3605    i.cb_hci_data_buffer_overflow_event  libbluenrg1_stack.a(aci_events.o)
    0x1004fea2   0x1004fea2   0x00000002   PAD
    0x1004fea4   0x1004fea4   0x00000024   Code   RO         3606    i.cb_hci_disconnection_complete_event  libbluenrg1_stack.a(aci_events.o)
    0x1004fec8   0x1004fec8   0x00000024   Code   RO         3607    i.cb_hci_encryption_change_event  libbluenrg1_stack.a(aci_events.o)
    0x1004feec   0x1004feec   0x00000024   Code   RO         3608    i.cb_hci_encryption_key_refresh_complete_event  libbluenrg1_stack.a(aci_events.o)
    0x1004ff10   0x1004ff10   0x00000024   Code   RO         3609    i.cb_hci_le_advertising_report_event  libbluenrg1_stack.a(aci_events.o)
    0x1004ff34   0x1004ff34   0x00000044   Code   RO         3610    i.cb_hci_le_connection_complete_event  libbluenrg1_stack.a(aci_events.o)
    0x1004ff78   0x1004ff78   0x00000030   Code   RO         3611    i.cb_hci_le_connection_update_complete_event  libbluenrg1_stack.a(aci_events.o)
    0x1004ffa8   0x1004ffa8   0x00000030   Code   RO         3612    i.cb_hci_le_data_length_change_event  libbluenrg1_stack.a(aci_events.o)
    0x1004ffd8   0x1004ffd8   0x00000024   Code   RO         3613    i.cb_hci_le_direct_advertising_report_event  libbluenrg1_stack.a(aci_events.o)
    0x1004fffc   0x1004fffc   0x0000004c   Code   RO         3614    i.cb_hci_le_enhanced_connection_complete_event  libbluenrg1_stack.a(aci_events.o)
    0x10050048   0x10050048   0x00000028   Code   RO         3615    i.cb_hci_le_generate_dhkey_complete_event  libbluenrg1_stack.a(aci_events.o)
    0x10050070   0x10050070   0x00000028   Code   RO         3616    i.cb_hci_le_long_term_key_request_event  libbluenrg1_stack.a(aci_events.o)
    0x10050098   0x10050098   0x00000028   Code   RO         3617    i.cb_hci_le_read_local_p256_public_key_complete_event  libbluenrg1_stack.a(aci_events.o)
    0x100500c0   0x100500c0   0x0000002c   Code   RO         3618    i.cb_hci_le_read_remote_used_features_complete_event  libbluenrg1_stack.a(aci_events.o)
    0x100500ec   0x100500ec   0x0000000a   Code   RO         3619    i.cb_hci_number_of_completed_packets_event  libbluenrg1_stack.a(aci_events.o)
    0x100500f6   0x100500f6   0x00000002   PAD
    0x100500f8   0x100500f8   0x00000028   Code   RO         3620    i.cb_hci_read_remote_version_information_complete_event  libbluenrg1_stack.a(aci_events.o)
    0x10050120   0x10050120   0x00000016   Code   RO         3621    i.cb_hci_rx_acl_data_event  libbluenrg1_stack.a(aci_events.o)
    0x10050136   0x10050136   0x00000012   Code   RO         3826    i.char_copy         libbluenrg1_stack.a(hal.o)
    0x10050148   0x10050148   0x000000cc   Code   RO         3354    i.check_access_address_patched  libbluenrg1_stack.a(ll_routines_master.o)
    0x10050214   0x10050214   0x00000024   Code   RO         4030    i.convert_power     libbluenrg1_stack.a(rom_ll_routines_support.o)
    0x10050238   0x10050238   0x00000012   Code   RO         3269    i.copy_4_u32        libbluenrg1_stack.a(ll_isr.o)
    0x1005024a   0x1005024a   0x00000020   Code   RO         4145    i.copy_swap_buffer  libbluenrg1_stack.a(utils.o)
    0x1005026a   0x1005026a   0x00000002   PAD
    0x1005026c   0x1005026c   0x00000084   Code   RO         3270    i.copy_tx_data_packet  libbluenrg1_stack.a(ll_isr.o)
    0x100502f0   0x100502f0   0x00000004   Code   RO         2002    i.data_length_extension_csr_ucfg  stack_user_cfg.o
    0x100502f4   0x100502f4   0x00000074   Code   RO         3271    i.encrypt           libbluenrg1_stack.a(ll_isr.o)
    0x10050368   0x10050368   0x0000006c   Code   RO         3622    i.fifoBuf_getFreeHeader  libbluenrg1_stack.a(aci_events.o)
    0x100503d4   0x100503d4   0x0000000a   Code   RO         3623    i.fifoCtrl_init     libbluenrg1_stack.a(aci_events.o)
    0x100503de   0x100503de   0x0000000c   Code   RO         1738    i.fputc             sdk_eval_com.o
    0x100503ea   0x100503ea   0x00000002   PAD
    0x100503ec   0x100503ec   0x00000018   Code   RO         3272    i.full_state_func_call_init  libbluenrg1_stack.a(ll_isr.o)
    0x10050404   0x10050404   0x00000014   Code   RO         3188    i.gapClearAllModeFlags  libbluenrg1_stack.a(gap.o)
    0x10050418   0x10050418   0x00000014   Code   RO         3392    i.get_adv_addr      libbluenrg1_stack.a(rom_ll_isr_routines.o)
    0x1005042c   0x1005042c   0x00000048   Code   RO         3913    i.get_advertiser    libbluenrg1_stack.a(multi_master_time.o)
    0x10050474   0x10050474   0x00000088   Code   RO         3914    i.get_connection_no  libbluenrg1_stack.a(multi_master_time.o)
    0x100504fc   0x100504fc   0x00000034   Code   RO         3915    i.get_next_free_slot  libbluenrg1_stack.a(multi_master_time.o)
    0x10050530   0x10050530   0x00000014   Code   RO         3393    i.get_scan_addr     libbluenrg1_stack.a(rom_ll_isr_routines.o)
    0x10050544   0x10050544   0x00000048   Code   RO         3916    i.get_scan_connection  libbluenrg1_stack.a(multi_master_time.o)
    0x1005058c   0x1005058c   0x00000298   Code   RO         3394    i.go_to_connect     libbluenrg1_stack.a(rom_ll_isr_routines.o)
    0x10050824   0x10050824   0x000001c0   Code   RO         3858    i.go_to_connect_master  libbluenrg1_stack.a(isr_routines.o)
    0x100509e4   0x100509e4   0x00000034   Code   RO         3827    i.hal_radio_activity_state_callback_check  libbluenrg1_stack.a(hal.o)
    0x10050a18   0x10050a18   0x0000001c   Code   RO         3828    i.hal_radio_activity_state_init  libbluenrg1_stack.a(hal.o)
    0x10050a34   0x10050a34   0x00000040   Code   RO         3829    i.hal_read_radio_activity_state  libbluenrg1_stack.a(hal.o)
    0x10050a74   0x10050a74   0x0000006c   Code   RO         3200    i.hci_acl_Process_Q  libbluenrg1_stack.a(hci.o)
    0x10050ae0   0x10050ae0   0x00000050   Code   RO         2879    i.hci_disconnection_complete_event  chat.o
    0x10050b30   0x10050b30   0x00000002   Code   RO         3626    i.hci_encryption_change_event  libbluenrg1_stack.a(aci_events.o)
    0x10050b32   0x10050b32   0x00000002   PAD
    0x10050b34   0x10050b34   0x0000005c   Code   RO         3355    i.hci_encryption_change_event_push  libbluenrg1_stack.a(ll_routines_master.o)
    0x10050b90   0x10050b90   0x00000002   Code   RO         3627    i.hci_encryption_key_refresh_complete_event  libbluenrg1_stack.a(aci_events.o)
    0x10050b92   0x10050b92   0x00000002   PAD
    0x10050b94   0x10050b94   0x00000058   Code   RO         3356    i.hci_encryption_key_refresh_complete_event_push  libbluenrg1_stack.a(ll_routines_master.o)
    0x10050bec   0x10050bec   0x00000018   Code   RO         2731    i.hci_hardware_error_event  ble_chat_master_slave_main.o
    0x10050c04   0x10050c04   0x00000054   Code   RO         2880    i.hci_le_advertising_report_event  chat.o
    0x10050c58   0x10050c58   0x00000094   Code   RO         3357    i.hci_le_advertising_report_event_push  libbluenrg1_stack.a(ll_routines_master.o)
    0x10050cec   0x10050cec   0x00000034   Code   RO         2881    i.hci_le_connection_complete_event  chat.o
    0x10050d20   0x10050d20   0x00000088   Code   RO         3358    i.hci_le_connection_complete_event_push  libbluenrg1_stack.a(ll_routines_master.o)
    0x10050da8   0x10050da8   0x00000002   Code   RO         3631    i.hci_le_connection_update_complete_event  libbluenrg1_stack.a(aci_events.o)
    0x10050daa   0x10050daa   0x00000002   PAD
    0x10050dac   0x10050dac   0x0000006c   Code   RO         3359    i.hci_le_connection_update_complete_event_push  libbluenrg1_stack.a(ll_routines_master.o)
    0x10050e18   0x10050e18   0x00000002   Code   RO         3632    i.hci_le_data_length_change_event  libbluenrg1_stack.a(aci_events.o)
    0x10050e1a   0x10050e1a   0x00000002   Code   RO         3633    i.hci_le_direct_advertising_report_event  libbluenrg1_stack.a(aci_events.o)
    0x10050e1c   0x10050e1c   0x0000008c   Code   RO         3319    i.hci_le_direct_advertising_report_event_push  libbluenrg1_stack.a(ll_privacy.o)
    0x10050ea8   0x10050ea8   0x0000000a   Code   RO         3208    i.hci_le_encrypt    libbluenrg1_stack.a(hci.o)
    0x10050eb2   0x10050eb2   0x00000002   Code   RO         3634    i.hci_le_enhanced_connection_complete_event  libbluenrg1_stack.a(aci_events.o)
    0x10050eb4   0x10050eb4   0x0000007c   Code   RO         3209    i.hci_le_generate_dhkey_api  libbluenrg1_stack.a(hci.o)
    0x10050f30   0x10050f30   0x00000002   Code   RO         3635    i.hci_le_generate_dhkey_complete_event  libbluenrg1_stack.a(aci_events.o)
    0x10050f32   0x10050f32   0x00000002   Code   RO         3636    i.hci_le_long_term_key_request_event  libbluenrg1_stack.a(aci_events.o)
    0x10050f34   0x10050f34   0x0000000e   Code   RO         3210    i.hci_le_long_term_key_request_reply  libbluenrg1_stack.a(hci.o)
    0x10050f42   0x10050f42   0x0000000e   Code   RO         3211    i.hci_le_long_term_key_requested_negative_reply  libbluenrg1_stack.a(hci.o)
    0x10050f50   0x10050f50   0x00000008   Code   RO         3212    i.hci_le_rand       libbluenrg1_stack.a(hci.o)
    0x10050f58   0x10050f58   0x0000003c   Code   RO         3216    i.hci_le_read_local_p256_public_key_api  libbluenrg1_stack.a(hci.o)
    0x10050f94   0x10050f94   0x00000002   Code   RO         3637    i.hci_le_read_local_p256_public_key_complete_event  libbluenrg1_stack.a(aci_events.o)
    0x10050f96   0x10050f96   0x00000002   Code   RO         3638    i.hci_le_read_remote_used_features_complete_event  libbluenrg1_stack.a(aci_events.o)
    0x10050f98   0x10050f98   0x00000040   Code   RO         3229    i.hci_le_set_event_mask  libbluenrg1_stack.a(hci.o)
    0x10050fd8   0x10050fd8   0x00000016   Code   RO         3234    i.hci_le_set_scan_response_data  libbluenrg1_stack.a(hci.o)
    0x10050fee   0x10050fee   0x00000002   PAD
    0x10050ff0   0x10050ff0   0x00000064   Code   RO         3239    i.hci_load_connParams  libbluenrg1_stack.a(hci.o)
    0x10051054   0x10051054   0x00000002   Code   RO         3639    i.hci_number_of_completed_packets_event  libbluenrg1_stack.a(aci_events.o)
    0x10051056   0x10051056   0x00000002   Code   RO         3640    i.hci_read_remote_version_information_complete_event  libbluenrg1_stack.a(aci_events.o)
    0x10051058   0x10051058   0x0000006c   Code   RO         3248    i.hci_rx_acl_data   libbluenrg1_stack.a(hci.o)
    0x100510c4   0x100510c4   0x00000004   Code   RO         3641    i.hci_rx_acl_data_event  libbluenrg1_stack.a(aci_events.o)
    0x100510c8   0x100510c8   0x00000044   Code   RO         3251    i.hci_tx_acl_data_done  libbluenrg1_stack.a(hci.o)
    0x1005110c   0x1005110c   0x00000008   Code   RO         3759    i.int16ToLe2Byte    libbluenrg1_stack.a(gatt_client.o)
    0x10051114   0x10051114   0x0000000c   Code   RO         3360    i.int32ToLe3Byte    libbluenrg1_stack.a(ll_routines_master.o)
    0x10051120   0x10051120   0x00000010   Code   RO         3361    i.int32ToLe4Byte    libbluenrg1_stack.a(ll_routines_master.o)
    0x10051130   0x10051130   0x00000010   Code   RO         3428    i.int32ToLe4Byte    libbluenrg1_stack.a(securitymgr.o)
    0x10051140   0x10051140   0x00000010   Code   RO         4013    i.int32ToLe4Byte    libbluenrg1_stack.a(rom_ll_ll_routines.o)
    0x10051150   0x10051150   0x00000010   Code   RO         4061    i.int32ToLe4Byte    libbluenrg1_stack.a(sdb.o)
    0x10051160   0x10051160   0x00000040   Code   RO         3662    i.int_cb_hci_acl_data_ind_event  libbluenrg1_stack.a(acl.o)
    0x100511a0   0x100511a0   0x00000054   Code   RO         3663    i.int_cb_hci_acl_data_tx_cmpl_event  libbluenrg1_stack.a(acl.o)
    0x100511f4   0x100511f4   0x00000026   Code   RO         3642    i.int_cb_hci_disconnection_complete_event  libbluenrg1_stack.a(aci_events.o)
    0x1005121a   0x1005121a   0x0000001a   Code   RO         3643    i.int_cb_hci_encryption_change_event  libbluenrg1_stack.a(aci_events.o)
    0x10051234   0x10051234   0x0000001a   Code   RO         3644    i.int_cb_hci_encryption_key_refresh_complete_event  libbluenrg1_stack.a(aci_events.o)
    0x1005124e   0x1005124e   0x0000001e   Code   RO         3645    i.int_cb_hci_le_advertising_report_event  libbluenrg1_stack.a(aci_events.o)
    0x1005126c   0x1005126c   0x00000026   Code   RO         3646    i.int_cb_hci_le_connection_complete_event  libbluenrg1_stack.a(aci_events.o)
    0x10051292   0x10051292   0x00000010   Code   RO         3647    i.int_cb_hci_le_data_length_change_event  libbluenrg1_stack.a(aci_events.o)
    0x100512a2   0x100512a2   0x0000001e   Code   RO         3648    i.int_cb_hci_le_direct_advertising_report_event  libbluenrg1_stack.a(aci_events.o)
    0x100512c0   0x100512c0   0x00000026   Code   RO         3649    i.int_cb_hci_le_enhanced_connection_complete_event  libbluenrg1_stack.a(aci_events.o)
    0x100512e6   0x100512e6   0x0000001a   Code   RO         3650    i.int_cb_hci_le_generate_dhkey_complete_event  libbluenrg1_stack.a(aci_events.o)
    0x10051300   0x10051300   0x0000000c   Code   RO         3651    i.int_cb_hci_le_long_term_key_request_event  libbluenrg1_stack.a(aci_events.o)
    0x1005130c   0x1005130c   0x0000001a   Code   RO         3652    i.int_cb_hci_le_read_local_p256_public_key_complete_event  libbluenrg1_stack.a(aci_events.o)
    0x10051326   0x10051326   0x0000001e   Code   RO         4146    i.is_Buffer_All_Set_To  libbluenrg1_stack.a(utils.o)
    0x10051344   0x10051344   0x0000004c   Code   RO         4014    i.is_connected      libbluenrg1_stack.a(rom_ll_ll_routines.o)
    0x10051390   0x10051390   0x00000034   Code   RO         3917    i.is_slave          libbluenrg1_stack.a(multi_master_time.o)
    0x100513c4   0x100513c4   0x00000020   Code   RO         3664    i.isr_Acl_Data_Indication_Queue_Full  libbluenrg1_stack.a(acl.o)
    0x100513e4   0x100513e4   0x00000020   Code   RO         3665    i.isr_Acl_Data_TX_Cmpl_Queue_Full  libbluenrg1_stack.a(acl.o)
    0x10051404   0x10051404   0x00000398   Code   RO         3273    i.isr_advertise_state  libbluenrg1_stack.a(ll_isr.o)
    0x1005179c   0x1005179c   0x000006d8   Code   RO         3274    i.isr_connect_master_state  libbluenrg1_stack.a(ll_isr.o)
    0x10051e74   0x10051e74   0x000007e4   Code   RO         3275    i.isr_connect_slave_state  libbluenrg1_stack.a(ll_isr.o)
    0x10052658   0x10052658   0x000005fc   Code   RO         3362    i.isr_event_handler  libbluenrg1_stack.a(ll_routines_master.o)
    0x10052c54   0x10052c54   0x000001fc   Code   RO         3363    i.isr_event_handler_scan_data  libbluenrg1_stack.a(ll_routines_master.o)
    0x10052e50   0x10052e50   0x00000008   Code   RO         2025    i.isr_event_handler_scan_data_ucfg  stack_user_cfg.o
    0x10052e58   0x10052e58   0x000001f4   Code   RO         3853    i.isr_postproc      libbluenrg1_stack.a(isr_postproc.o)
    0x1005304c   0x1005304c   0x00000110   Code   RO         3983    i.isr_postproc1     libbluenrg1_stack.a(rom_ll_isr_postproc.o)
    0x1005315c   0x1005315c   0x00000016   Code   RO         3984    i.isr_postproc_encrypt_data  libbluenrg1_stack.a(rom_ll_isr_postproc.o)
    0x10053172   0x10053172   0x00000002   PAD
    0x10053174   0x10053174   0x00000638   Code   RO         3276    i.isr_scan_state    libbluenrg1_stack.a(ll_isr.o)
    0x100537ac   0x100537ac   0x00000034   Code   RO         3277    i.isr_test_rx_state  libbluenrg1_stack.a(ll_isr.o)
    0x100537e0   0x100537e0   0x00000064   Code   RO         3278    i.isr_test_tx_state  libbluenrg1_stack.a(ll_isr.o)
    0x10053844   0x10053844   0x0000002c   Code   RO         3279    i.isr_unknown_state  libbluenrg1_stack.a(ll_isr.o)
    0x10053870   0x10053870   0x0000000a   Code   RO         3395    i.le2ByteToInt16    libbluenrg1_stack.a(rom_ll_isr_routines.o)
    0x1005387a   0x1005387a   0x0000000a   Code   RO         3760    i.le2ByteToInt16    libbluenrg1_stack.a(gatt_client.o)
    0x10053884   0x10053884   0x00000016   Code   RO         3396    i.le4ByteToInt32    libbluenrg1_stack.a(rom_ll_isr_routines.o)
    0x1005389a   0x1005389a   0x00000016   Code   RO         3407    i.le4ByteToInt32    libbluenrg1_stack.a(rom_ll_ll_routines_master.o)
    0x100538b0   0x100538b0   0x00000016   Code   RO         3429    i.le4ByteToInt32    libbluenrg1_stack.a(securitymgr.o)
    0x100538c6   0x100538c6   0x00000016   Code   RO         4015    i.le4ByteToInt32    libbluenrg1_stack.a(rom_ll_ll_routines.o)
    0x100538dc   0x100538dc   0x00000074   Code   RO         3343    i.ll_write_supported_data  libbluenrg1_stack.a(ll_routines.o)
    0x10053950   0x10053950   0x00000008   Code   RO         2026    i.ll_write_supported_data_ucfg  stack_user_cfg.o
    0x10053958   0x10053958   0x00000020   Code   RO         4037    i.machine_time_trans  libbluenrg1_stack.a(rom_ll_timehandling.o)
    0x10053978   0x10053978   0x00000124   Code   RO         2732    i.main              ble_chat_master_slave_main.o
    0x10053a9c   0x10053a9c   0x000000a8   Code   RO         3886    i.mem_alloc_ctx_init  libbluenrg1_stack.a(mem_alloc.o)
    0x10053b44   0x10053b44   0x00000008   Code   RO         3416    i.microseconds_to_machine_time  libbluenrg1_stack.a(routines_support.o)
    0x10053b4c   0x10053b4c   0x0000001c   Code   RO         4031    i.modulo_37         libbluenrg1_stack.a(rom_ll_routines_support.o)
    0x10053b68   0x10053b68   0x00000018   Code   RO         3918    i.nsar_init         libbluenrg1_stack.a(multi_master_time.o)
    0x10053b80   0x10053b80   0x0000001c   Code   RO         3919    i.nsar_insertSlotListEntry  libbluenrg1_stack.a(multi_master_time.o)
    0x10053b9c   0x10053b9c   0x000000c0   Code   RO         3920    i.nsar_searchBestFreeSlot  libbluenrg1_stack.a(multi_master_time.o)
    0x10053c5c   0x10053c5c   0x00000022   Code   RO         3922    i.nsar_updateBestFreeSlot  libbluenrg1_stack.a(multi_master_time.o)
    0x10053c7e   0x10053c7e   0x00000002   PAD
    0x10053c80   0x10053c80   0x0000006c   Code   RO         3923    i.nsar_updateSlotListEntry  libbluenrg1_stack.a(multi_master_time.o)
    0x10053cec   0x10053cec   0x0000007c   Code   RO         3345    i.read_rssi         libbluenrg1_stack.a(ll_routines.o)
    0x10053d68   0x10053d68   0x00000074   Code   RO         3925    i.request_connect_slot  libbluenrg1_stack.a(multi_master_time.o)
    0x10053ddc   0x10053ddc   0x00000094   Code   RO         3926    i.request_scan_slot  libbluenrg1_stack.a(multi_master_time.o)
    0x10053e70   0x10053e70   0x00000014   Code   RO         1027    i.rev_memcmp        bluenrg1_pka.o
    0x10053e84   0x10053e84   0x0000001a   Code   RO         3321    i.scan_connection_or_advertiser  libbluenrg1_stack.a(ll_privacy.o)
    0x10053e9e   0x10053e9e   0x00000002   PAD
    0x10053ea0   0x10053ea0   0x000000b0   Code   RO         3928    i.schedule_advertise_slot  libbluenrg1_stack.a(multi_master_time.o)
    0x10053f50   0x10053f50   0x00000164   Code   RO         4062    i.sdb_delete        libbluenrg1_stack.a(sdb.o)
    0x100540b4   0x100540b4   0x000000c8   Code   RO         4063    i.sdb_find_client_data  libbluenrg1_stack.a(sdb.o)
    0x1005417c   0x1005417c   0x00000018   Code   RO         4064    i.sdb_get_gatt_db_start_address  libbluenrg1_stack.a(sdb.o)
    0x10054194   0x10054194   0x00000020   Code   RO         4065    i.sdb_invalidate_record  libbluenrg1_stack.a(sdb.o)
    0x100541b4   0x100541b4   0x00000024   Code   RO         4066    i.sdb_read_record   libbluenrg1_stack.a(sdb.o)
    0x100541d8   0x100541d8   0x00000010   Code   RO         4067    i.sdb_read_record_validity  libbluenrg1_stack.a(sdb.o)
    0x100541e8   0x100541e8   0x0000007c   Code   RO         4068    i.sdb_write_record  libbluenrg1_stack.a(sdb.o)
    0x10054264   0x10054264   0x00000004   Code   RO         2028    i.secure_connections_csr_ucfg  stack_user_cfg.o
    0x10054268   0x10054268   0x00000046   Code   RO         3762    i.send_gatt_event   libbluenrg1_stack.a(gatt_client.o)
    0x100542ae   0x100542ae   0x00000002   PAD
    0x100542b0   0x100542b0   0x00000104   Code   RO         3189    i.setGapAdvData     libbluenrg1_stack.a(gap.o)
    0x100543b4   0x100543b4   0x00000088   Code   RO         4038    i.set_freq          libbluenrg1_stack.a(rom_ll_timehandling.o)
    0x1005443c   0x1005443c   0x0000001c   Code   RO         4039    i.set_sca           libbluenrg1_stack.a(rom_ll_timehandling.o)
    0x10054458   0x10054458   0x00000010   Code   RO         3830    i.set_string        libbluenrg1_stack.a(hal.o)
    0x10054468   0x10054468   0x00000200   Code   RO         3417    i.slave_advance     libbluenrg1_stack.a(routines_support.o)
    0x10054668   0x10054668   0x000000c6   Code   RO         4082    i.sma_CMAC_generate_tag  libbluenrg1_stack.a(smp_algo_sap.o)
    0x1005472e   0x1005472e   0x00000036   Code   RO         4083    i.sma_Calculate_Hash  libbluenrg1_stack.a(smp_algo_sap.o)
    0x10054764   0x10054764   0x0000007e   Code   RO         4084    i.sma_generate_subkeys  libbluenrg1_stack.a(smp_algo_sap.o)
    0x100547e2   0x100547e2   0x0000002c   Code   RO         4085    i.sma_left_shift    libbluenrg1_stack.a(smp_algo_sap.o)
    0x1005480e   0x1005480e   0x00000018   Code   RO         3430    i.smp_Build_AuthReq_Field  libbluenrg1_stack.a(securitymgr.o)
    0x10054826   0x10054826   0x00000002   PAD
    0x10054828   0x10054828   0x00000038   Code   RO         3431    i.smp_Build_Pairing_ReqResp_Packet  libbluenrg1_stack.a(securitymgr.o)
    0x10054860   0x10054860   0x00000034   Code   RO         3432    i.smp_Check_Incoming_Pairing_Parameters  libbluenrg1_stack.a(securitymgr.o)
    0x10054894   0x10054894   0x0000009c   Code   RO         3433    i.smp_Determine_Key_Association_Method  libbluenrg1_stack.a(securitymgr.o)
    0x10054930   0x10054930   0x0000018c   Code   RO         3434    i.smp_Execute_Actions_wrt_Current_State  libbluenrg1_stack.a(securitymgr.o)
    0x10054abc   0x10054abc   0x0000004e   Code   RO         3435    i.smp_Execute_Actions_wrt_Current_State_MI_excerpt  libbluenrg1_stack.a(securitymgr.o)
    0x10054b0a   0x10054b0a   0x00000008   Code   RO         2029    i.smp_Execute_Actions_wrt_Current_State_MI_excerpt_ucfg  stack_user_cfg.o
    0x10054b12   0x10054b12   0x00000012   Code   RO         3437    i.smp_Execute_Actions_wrt_Current_State_sc_MI_excerpt_phase2as2  libbluenrg1_stack.a(securitymgr.o)
    0x10054b24   0x10054b24   0x00000008   Code   RO         2030    i.smp_Execute_Actions_wrt_Current_State_sc_MI_excerpt_phase2as2_ucfg  stack_user_cfg.o
    0x10054b2c   0x10054b2c   0x00000058   Code   RO         3439    i.smp_Execute_Actions_wrt_Current_State_sc_excerpt_phase2as2  libbluenrg1_stack.a(securitymgr.o)
    0x10054b84   0x10054b84   0x00000008   Code   RO         2031    i.smp_Execute_Actions_wrt_Current_State_sc_excerpt_phase2as2_ucfg  stack_user_cfg.o
    0x10054b8c   0x10054b8c   0x0000006c   Code   RO         3441    i.smp_Execute_Actions_wrt_Current_State_sc_excerpt_phase_1_to_2  libbluenrg1_stack.a(securitymgr.o)
    0x10054bf8   0x10054bf8   0x00000008   Code   RO         2032    i.smp_Execute_Actions_wrt_Current_State_sc_excerpt_phase_1_to_2_ucfg  stack_user_cfg.o
    0x10054c00   0x10054c00   0x00000080   Code   RO         3443    i.smp_Get_Long_Term_Key  libbluenrg1_stack.a(securitymgr.o)
    0x10054c80   0x10054c80   0x00000088   Code   RO         3444    i.smp_Get_Pairing_Parameters_From_Peer_Packet  libbluenrg1_stack.a(securitymgr.o)
    0x10054d08   0x10054d08   0x00000032   Code   RO         4118    i.smp_Keys_Distribution_Complete  libbluenrg1_stack.a(smp_common.o)
    0x10054d3a   0x10054d3a   0x00000002   PAD
    0x10054d3c   0x10054d3c   0x0000011c   Code   RO         3445    i.smp_Keys_Distribution_Send  libbluenrg1_stack.a(securitymgr.o)
    0x10054e58   0x10054e58   0x00000140   Code   RO         3446    i.smp_LP_MI_Compute_c1_Confirm_Value  libbluenrg1_stack.a(securitymgr.o)
    0x10054f98   0x10054f98   0x00000150   Code   RO         3447    i.smp_LP_SR_Compute_c1_Confirm_Value  libbluenrg1_stack.a(securitymgr.o)
    0x100550e8   0x100550e8   0x00000088   Code   RO         3448    i.smp_MI_Start_Encryption  libbluenrg1_stack.a(securitymgr.o)
    0x10055170   0x10055170   0x00000008   Code   RO         2033    i.smp_MI_Start_Encryption_ucfg  stack_user_cfg.o
    0x10055178   0x10055178   0x00000088   Code   RO         3450    i.smp_Process_Rx_Packet_Exception_Cases_sc_excerpt  libbluenrg1_stack.a(securitymgr.o)
    0x10055200   0x10055200   0x00000008   Code   RO         2034    i.smp_Process_Rx_Packet_Exception_Cases_sc_excerpt_ucfg  stack_user_cfg.o
    0x10055208   0x10055208   0x00000130   Code   RO         3452    i.smp_Process_Rx_Packet_wrt_Current_State  libbluenrg1_stack.a(securitymgr.o)
    0x10055338   0x10055338   0x00000052   Code   RO         3453    i.smp_Process_Rx_Packet_wrt_Current_State_MI_excerpt  libbluenrg1_stack.a(securitymgr.o)
    0x1005538a   0x1005538a   0x00000008   Code   RO         2035    i.smp_Process_Rx_Packet_wrt_Current_State_MI_excerpt_ucfg  stack_user_cfg.o
    0x10055392   0x10055392   0x0000004a   Code   RO         3455    i.smp_Process_Rx_Packet_wrt_Current_State_sc_excerpt  libbluenrg1_stack.a(securitymgr.o)
    0x100553dc   0x100553dc   0x00000008   Code   RO         2036    i.smp_Process_Rx_Packet_wrt_Current_State_sc_excerpt_ucfg  stack_user_cfg.o
    0x100553e4   0x100553e4   0x00000078   Code   RO         3457    i.smp_Set_Key_Association_Method  libbluenrg1_stack.a(securitymgr.o)
    0x1005545c   0x1005545c   0x00000058   Code   RO         3458    i.smp____MI_PairingConfirm_Receive  libbluenrg1_stack.a(securitymgr.o)
    0x100554b4   0x100554b4   0x00000066   Code   RO         3459    i.smp____MI_PairingConfirm_Send  libbluenrg1_stack.a(securitymgr.o)
    0x1005551a   0x1005551a   0x00000002   PAD
    0x1005551c   0x1005551c   0x000000e4   Code   RO         3460    i.smp____MI_PairingRandom_Receive  libbluenrg1_stack.a(securitymgr.o)
    0x10055600   0x10055600   0x0000006c   Code   RO         3461    i.smp____MI_PairingResponse_Receive  libbluenrg1_stack.a(securitymgr.o)
    0x1005566c   0x1005566c   0x00000084   Code   RO         3462    i.smp____MI_SecurityRequest_Receive  libbluenrg1_stack.a(securitymgr.o)
    0x100556f0   0x100556f0   0x0000005c   Code   RO         3486    i.smp____SC_Phase_2AS2_DHKeyCheck_Send  libbluenrg1_stack.a(smp_scv42_caf.o)
    0x1005574c   0x1005574c   0x00000134   Code   RO         3487    i.smp____SC_Phase_2AS2_Generate_DHKeyCheck  libbluenrg1_stack.a(smp_scv42_caf.o)
    0x10055880   0x10055880   0x00000030   Code   RO         3488    i.smp____SC_Phase_2AS2__Set_Addresses  libbluenrg1_stack.a(smp_scv42_caf.o)
    0x100558b0   0x100558b0   0x0000007a   Code   RO         3463    i.smp____SR_PairingConfirm_Receive  libbluenrg1_stack.a(securitymgr.o)
    0x1005592a   0x1005592a   0x00000002   PAD
    0x1005592c   0x1005592c   0x00000120   Code   RO         3464    i.smp____SR_PairingRandom_Receive  libbluenrg1_stack.a(securitymgr.o)
    0x10055a4c   0x10055a4c   0x0000017c   Code   RO         3465    i.smp____SR_PairingRequest_Receive  libbluenrg1_stack.a(securitymgr.o)
    0x10055bc8   0x10055bc8   0x00000148   Code   RO         4119    i.smp_add_pairing_record_to_bonding_database  libbluenrg1_stack.a(smp_common.o)
    0x10055d10   0x10055d10   0x00000044   Code   RO         4120    i.smp_find_remote_device_index  libbluenrg1_stack.a(smp_common.o)
    0x10055d54   0x10055d54   0x00000038   Code   RO         4121    i.smp_flush_rx_queues  libbluenrg1_stack.a(smp_common.o)
    0x10055d8c   0x10055d8c   0x0000001e   Code   RO         4122    i.smp_get_CSRK      libbluenrg1_stack.a(smp_common.o)
    0x10055daa   0x10055daa   0x00000002   PAD
    0x10055dac   0x10055dac   0x0000003c   Code   RO         4123    i.smp_get_local_identity_address  libbluenrg1_stack.a(smp_common.o)
    0x10055de8   0x10055de8   0x00000038   Code   RO         4125    i.smp_keys_distribution_start  libbluenrg1_stack.a(smp_common.o)
    0x10055e20   0x10055e20   0x000000d6   Code   RO         4126    i.smp_keys_receiving  libbluenrg1_stack.a(smp_common.o)
    0x10055ef6   0x10055ef6   0x00000002   PAD
    0x10055ef8   0x10055ef8   0x0000003c   Code   RO         4127    i.smp_oob_check_is_remote_data_present  libbluenrg1_stack.a(smp_common.o)
    0x10055f34   0x10055f34   0x00000048   Code   RO         4128    i.smp_oob_get_remote_data_reference  libbluenrg1_stack.a(smp_common.o)
    0x10055f7c   0x10055f7c   0x00000034   Code   RO         4129    i.smp_pairing_2octets_packet_send  libbluenrg1_stack.a(smp_common.o)
    0x10055fb0   0x10055fb0   0x00000078   Code   RO         4130    i.smp_pairing_completed  libbluenrg1_stack.a(smp_common.o)
    0x10056028   0x10056028   0x00000010   Code   RO         4131    i.smp_pairing_failed_receive  libbluenrg1_stack.a(smp_common.o)
    0x10056038   0x10056038   0x0000002a   Code   RO         4132    i.smp_pairing_failed_send  libbluenrg1_stack.a(smp_common.o)
    0x10056062   0x10056062   0x00000002   PAD
    0x10056064   0x10056064   0x00000064   Code   RO         4133    i.smp_pairing_process_abort  libbluenrg1_stack.a(smp_common.o)
    0x100560c8   0x100560c8   0x000000f0   Code   RO         4134    i.smp_repeated_attacks_protection  libbluenrg1_stack.a(smp_common.o)
    0x100561b8   0x100561b8   0x00000030   Code   RO         3466    i.smp_sc_MI_PairingConfirm_Send_sc_excerpt  libbluenrg1_stack.a(securitymgr.o)
    0x100561e8   0x100561e8   0x00000008   Code   RO         2037    i.smp_sc_MI_PairingConfirm_Send_sc_excerpt_ucfg  stack_user_cfg.o
    0x100561f0   0x100561f0   0x00000044   Code   RO         3468    i.smp_sc_MI_PairingRandom_Receive_sc_excerpt1  libbluenrg1_stack.a(securitymgr.o)
    0x10056234   0x10056234   0x00000008   Code   RO         2038    i.smp_sc_MI_PairingRandom_Receive_sc_excerpt1_ucfg  stack_user_cfg.o
    0x1005623c   0x1005623c   0x00000068   Code   RO         3470    i.smp_sc_MI_PairingRandom_Receive_sc_excerpt2  libbluenrg1_stack.a(securitymgr.o)
    0x100562a4   0x100562a4   0x00000008   Code   RO         2039    i.smp_sc_MI_PairingRandom_Receive_sc_excerpt2_ucfg  stack_user_cfg.o
    0x100562ac   0x100562ac   0x00000034   Code   RO         3472    i.smp_sc_MI_PairingResponse_Receive_sc_excerpt  libbluenrg1_stack.a(securitymgr.o)
    0x100562e0   0x100562e0   0x00000008   Code   RO         2040    i.smp_sc_MI_PairingResponse_Receive_sc_excerpt_ucfg  stack_user_cfg.o
    0x100562e8   0x100562e8   0x0000002c   Code   RO         3474    i.smp_sc_MI_Pairing_Phase_2AS1_Start_sc_excerpt  libbluenrg1_stack.a(securitymgr.o)
    0x10056314   0x10056314   0x00000008   Code   RO         2041    i.smp_sc_MI_Pairing_Phase_2AS1_Start_sc_excerpt_ucfg  stack_user_cfg.o
    0x1005631c   0x1005631c   0x00000034   Code   RO         3476    i.smp_sc_SR_PairingConfirm_Receive_sc_excerpt  libbluenrg1_stack.a(securitymgr.o)
    0x10056350   0x10056350   0x00000008   Code   RO         2042    i.smp_sc_SR_PairingConfirm_Receive_sc_excerpt_ucfg  stack_user_cfg.o
    0x10056358   0x10056358   0x0000009c   Code   RO         3478    i.smp_sc_SR_PairingRandom_Receive_sc_excerpt  libbluenrg1_stack.a(securitymgr.o)
    0x100563f4   0x100563f4   0x00000008   Code   RO         2043    i.smp_sc_SR_PairingRandom_Receive_sc_excerpt_ucfg  stack_user_cfg.o
    0x100563fc   0x100563fc   0x00000030   Code   RO         3480    i.smp_sc_SR_Pairing_Phase_2AS1_Start_sc_excerpt  libbluenrg1_stack.a(securitymgr.o)
    0x1005642c   0x1005642c   0x00000008   Code   RO         2044    i.smp_sc_SR_Pairing_Phase_2AS1_Start_sc_excerpt_ucfg  stack_user_cfg.o
    0x10056434   0x10056434   0x00000030   Code   RO         3489    i.smp_sc_check_for_ecc_pk_generation_request  libbluenrg1_stack.a(smp_scv42_caf.o)
    0x10056464   0x10056464   0x00000008   Code   RO         2045    i.smp_sc_check_for_ecc_pk_generation_request_ucfg  stack_user_cfg.o
    0x1005646c   0x1005646c   0x00000038   Code   RO         3491    i.smp_sc_continue_on_exclusive_sc_pairing  libbluenrg1_stack.a(smp_scv42_caf.o)
    0x100564a4   0x100564a4   0x00000008   Code   RO         2046    i.smp_sc_continue_on_exclusive_sc_pairing_ucfg  stack_user_cfg.o
    0x100564ac   0x100564ac   0x00000020   Code   RO         3493    i.smp_sc_force_debug_private_key  libbluenrg1_stack.a(smp_scv42_caf.o)
    0x100564cc   0x100564cc   0x00000074   Code   RO         3513    i.smp_sc_hci_le_generate_dhkey_complete_evt_hndl  libbluenrg1_stack.a(smp_scv42_sap.o)
    0x10056540   0x10056540   0x00000008   Code   RO         2048    i.smp_sc_hci_le_generate_dhkey_complete_evt_hndl_ucfg  stack_user_cfg.o
    0x10056548   0x10056548   0x0000003c   Code   RO         3515    i.smp_sc_hci_le_read_local_p256_public_key_complete_evt_hndl  libbluenrg1_stack.a(smp_scv42_sap.o)
    0x10056584   0x10056584   0x00000008   Code   RO         2049    i.smp_sc_hci_le_read_local_p256_public_key_complete_evt_hndl_ucfg  stack_user_cfg.o
    0x1005658c   0x1005658c   0x00000038   Code   RO         3496    i.smp_sc_init       libbluenrg1_stack.a(smp_scv42_caf.o)
    0x100565c4   0x100565c4   0x00000008   Code   RO         2050    i.smp_sc_init_ucfg  stack_user_cfg.o
    0x100565cc   0x100565cc   0x00000040   Code   RO         3498    i.smp_sc_is_another_sc_pairing_ongoing  libbluenrg1_stack.a(smp_scv42_caf.o)
    0x1005660c   0x1005660c   0x00000010   Code   RO         3499    i.smp_sc_is_debug_key_usage_forced  libbluenrg1_stack.a(smp_scv42_caf.o)
    0x1005661c   0x1005661c   0x0000008c   Code   RO         3500    i.smp_sc_pairing_oob_confirm_receive_verify  libbluenrg1_stack.a(smp_scv42_caf.o)
    0x100566a8   0x100566a8   0x000000a8   Code   RO         3501    i.smp_sc_pairing_public_key_receive  libbluenrg1_stack.a(smp_scv42_caf.o)
    0x10056750   0x10056750   0x0000006c   Code   RO         3502    i.smp_sc_pairing_public_key_send  libbluenrg1_stack.a(smp_scv42_caf.o)
    0x100567bc   0x100567bc   0x00000072   Code   RO         3503    i.smp_sc_phase_2as2_dhkey_check_receive  libbluenrg1_stack.a(smp_scv42_caf.o)
    0x1005682e   0x1005682e   0x00000002   PAD
    0x10056830   0x10056830   0x000000a4   Code   RO         3504    i.smp_sc_phase_2as2_start  libbluenrg1_stack.a(smp_scv42_caf.o)
    0x100568d4   0x100568d4   0x00000018   Code   RO         3505    i.smp_sc_submit_ecc_pk_generation_request  libbluenrg1_stack.a(smp_scv42_caf.o)
    0x100568ec   0x100568ec   0x00000074   Code   RO         3506    i.smp_sc_update_statistics_on_pairing_complete  libbluenrg1_stack.a(smp_scv42_caf.o)
    0x10056960   0x10056960   0x00000008   Code   RO         2051    i.smp_sc_update_statistics_on_pairing_complete_ucfg  stack_user_cfg.o
    0x10056968   0x10056968   0x00000044   Code   RO         4135    i.smp_search_blacklist  libbluenrg1_stack.a(smp_common.o)
    0x100569ac   0x100569ac   0x00000038   Code   RO         3482    i.smp_send_packet   libbluenrg1_stack.a(securitymgr.o)
    0x100569e4   0x100569e4   0x00000038   Code   RO         4136    i.smp_update_statistics_on_pairing_complete  libbluenrg1_stack.a(smp_common.o)
    0x10056a1c   0x10056a1c   0x000000d0   Code   RO         3929    i.start_timebase    libbluenrg1_stack.a(multi_master_time.o)
    0x10056aec   0x10056aec   0x00000008   Code   RO         2052    i.state_func_call_init_csr_ucfg  stack_user_cfg.o
    0x10056af4   0x10056af4   0x0000001e   Code   RO         3811    i.store_data        libbluenrg1_stack.a(gatt_server.o)
    0x10056b12   0x10056b12   0x00000002   PAD
    0x10056b14   0x10056b14   0x0000013c   Code   RO         3418    i.swap_slaves       libbluenrg1_stack.a(routines_support.o)
    0x10056c50   0x10056c50   0x0000000a   Code   RO         3419    i.swap_u16          libbluenrg1_stack.a(routines_support.o)
    0x10056c5a   0x10056c5a   0x0000000a   Code   RO         3930    i.swap_u16          libbluenrg1_stack.a(multi_master_time.o)
    0x10056c64   0x10056c64   0x0000000a   Code   RO         3420    i.swap_u32          libbluenrg1_stack.a(routines_support.o)
    0x10056c6e   0x10056c6e   0x0000000a   Code   RO         3421    i.swap_u8           libbluenrg1_stack.a(routines_support.o)
    0x10056c78   0x10056c78   0x00000010   Code   RO         4040    i.system_time_trans  libbluenrg1_stack.a(rom_ll_timehandling.o)
    0x10056c88   0x10056c88   0x00000030   Code   RO         4041    i.system_time_trans_ext  libbluenrg1_stack.a(rom_ll_timehandling.o)
    0x10056cb8   0x10056cb8   0x0000000e   Code   RO         4042    i.time_offset1      libbluenrg1_stack.a(rom_ll_timehandling.o)
    0x10056cc6   0x10056cc6   0x00000002   PAD
    0x10056cc8   0x10056cc8   0x00000010   Code   RO         4043    i.time_offset2      libbluenrg1_stack.a(rom_ll_timehandling.o)
    0x10056cd8   0x10056cd8   0x00000038   Code   RO         3931    i.timebase_start_connect  libbluenrg1_stack.a(multi_master_time.o)
    0x10056d10   0x10056d10   0x0000002e   Code   RO         3397    i.unpack_channel_map  libbluenrg1_stack.a(rom_ll_isr_routines.o)
    0x10056d3e   0x10056d3e   0x00000048   Code   RO         3398    i.unpack_update_request  libbluenrg1_stack.a(rom_ll_isr_routines.o)
    0x10056d86   0x10056d86   0x00000024   Code   RO         3985    i.wait_for_aes_ready  libbluenrg1_stack.a(rom_ll_isr_postproc.o)
    0x10056daa   0x10056daa   0x00000002   PAD
    0x10056dac   0x10056dac   0x0000007c   Code   RO         3365    i.wait_for_prescheduled_slot_cancellation  libbluenrg1_stack.a(ll_routines_master.o)
    0x10056e28   0x10056e28   0x0000007c   Code   RO         3408    i.wait_for_prescheduled_slot_cancellation  libbluenrg1_stack.a(rom_ll_ll_routines_master.o)
    0x10056ea4   0x10056ea4   0x0000007c   Code   RO         4016    i.wait_for_prescheduled_slot_cancellation  libbluenrg1_stack.a(rom_ll_ll_routines.o)
    0x10056f20   0x10056f20   0x00000004   Data   RO            9    .constdata          clock.o
    0x10056f24   0x10056f24   0x00000004   Data   RO         1861    .constdata          sdk_eval_config.o
    0x10056f28   0x10056f28   0x00000004   Data   RO         1862    .constdata          sdk_eval_config.o
    0x10056f2c   0x10056f2c   0x00000004   Data   RO         1863    .constdata          sdk_eval_config.o
    0x10056f30   0x10056f30   0x00000004   Data   RO         1864    .constdata          sdk_eval_config.o
    0x10056f34   0x10056f34   0x00000034   Data   RO         2733    .constdata          ble_chat_master_slave_main.o
    0x10056f68   0x10056f68   0x0000001a   Data   RO         3281    .constdata          libbluenrg1_stack.a(ll_isr.o)
    0x10056f82   0x10056f82   0x00000002   PAD
    0x10056f84   0x10056f84   0x00000019   Data   RO         3483    .constdata          libbluenrg1_stack.a(securitymgr.o)
    0x10056f9d   0x10056f9d   0x00000060   Data   RO         3508    .constdata          libbluenrg1_stack.a(smp_scv42_caf.o)
    0x10056ffd   0x10056ffd   0x00000003   PAD
    0x10057000   0x10057000   0x0000011c   Data   RO         3653    .constdata          libbluenrg1_stack.a(aci_events.o)
    0x1005711c   0x1005711c   0x00000040   Data   RO         3941    .constdata          libbluenrg1_stack.a(pka.o)
    0x1005715c   0x1005715c   0x00000010   Data   RO         4044    .constdata          libbluenrg1_stack.a(rom_ll_timehandling.o)
    0x1005716c   0x1005716c   0x00000010   Data   RO         4086    .constdata          libbluenrg1_stack.a(smp_algo_sap.o)
    0x1005717c   0x1005717c   0x00000010   Data   RO         4172    .constdata          libbluenrg1_stack.a(att.o)
    0x1005718c   0x1005718c   0x00000128   Data   RO         4213    .constdata          libcrypto.a(crypto.o)
    0x100572b4   0x100572b4   0x00000047   Data   RO         2883    .conststring        chat.o
    0x100572fb   0x100572fb   0x00000001   PAD
    0x100572fc   0x100572fc   0x000000a0   Data   RO         4577    Region$$Table       anon$$obj.o


    Execution Region BLOCK_STACKLIB_FLASH_DATA (Exec base: 0x1007f000, Load base: 0x1005739c, Size: 0x00000838, Max: 0x00001000, ABSOLUTE, UNINIT)

    Exec Addr    Load Addr    Size         Type   Attr      Idx    E Section Name        Object

    0x1007f000        -       0x00000800   Zero   RW         2735    .noinit.stacklib_flash_data  ble_chat_master_slave_main.o
    0x1007f800        -       0x00000038   Zero   RW         2736    .noinit.stacklib_stored_device_id_data  ble_chat_master_slave_main.o


    Execution Region ota_sw_activation_block (Exec base: 0x20000004, Load base: 0x1005739c, Size: 0x00000000, Max: 0x00000004, ABSOLUTE, UNINIT)

    **** No section assigned to this execution region ****


    Execution Region savedMSP_block (Exec base: 0x20000008, Load base: 0x1005739c, Size: 0x00000004, Max: 0x00000004, ABSOLUTE)

    Exec Addr    Load Addr    Size         Type   Attr      Idx    E Section Name        Object

    0x20000008   0x1005739c   0x00000004   Data   RW         2547    .savedMSP           system_bluenrg1.o


    Execution Region wakeupFromSleepFlag_block (Exec base: 0x2000000c, Load base: 0x100573a0, Size: 0x00000004, Max: 0x00000004, ABSOLUTE)

    Exec Addr    Load Addr    Size         Type   Attr      Idx    E Section Name        Object

    0x2000000c   0x100573a0   0x00000001   Data   RW         2548    .wakeupFromSleepFlag  system_bluenrg1.o


    Execution Region app_base_block (Exec base: 0x20000010, Load base: 0x100573a4, Size: 0x00000004, Max: 0x00000004, ABSOLUTE)

    Exec Addr    Load Addr    Size         Type   Attr      Idx    E Section Name        Object

    0x20000010   0x100573a4   0x00000004   Data   RW         2537    .app_base           system_bluenrg1.o


    Execution Region flash_sw_lock_block (Exec base: 0x20000014, Load base: 0x100573a8, Size: 0x00000004, Max: 0x00000004, ABSOLUTE)

    Exec Addr    Load Addr    Size         Type   Attr      Idx    E Section Name        Object

    0x20000014   0x100573a8   0x00000004   Data   RW         2543    .flash_sw_lock      system_bluenrg1.o


    Execution Region rfTimeout_block (Exec base: 0x20000018, Load base: 0x100573ac, Size: 0x00000004, Max: 0x00000004, ABSOLUTE)

    Exec Addr    Load Addr    Size         Type   Attr      Idx    E Section Name        Object

    0x20000018   0x100573ac   0x00000004   Data   RW         2546    .rfTimeout          system_bluenrg1.o


    Execution Region BOR_config_block (Exec base: 0x2000001c, Load base: 0x100573b0, Size: 0x00000008, Max: 0x00000008, ABSOLUTE)

    Exec Addr    Load Addr    Size         Type   Attr      Idx    E Section Name        Object

    0x2000001c   0x100573b0   0x00000007   Data   RW         2535    .BOR_config         system_bluenrg1.o


    Execution Region Blue_Flag_Ram_block (Exec base: 0x20000030, Load base: 0x100573b8, Size: 0x00000004, Max: 0x00000004, ABSOLUTE)

    Exec Addr    Load Addr    Size         Type   Attr      Idx    E Section Name        Object

    0x20000030   0x100573b8   0x00000004   Data   RW         2536    .__blueflag_RAM     system_bluenrg1.o


    Execution Region Crash_Info_block (Exec base: 0x20000034, Load base: 0x100573bc, Size: 0x00000000, Max: 0x00000028, ABSOLUTE, UNINIT)

    **** No section assigned to this execution region ****


    Execution Region BLUE (Exec base: 0x200000c0, Load base: 0x100573bc, Size: 0x0000020c, Max: 0x0000020c, ABSOLUTE, COMPRESSED[0x00000008])

    Exec Addr    Load Addr    Size         Type   Attr      Idx    E Section Name        Object

    0x200000c0   COMPRESSED   0x0000020c   Data   RW         2539    .bss.__blue_RAM     system_bluenrg1.o


    Execution Region REGION_RAM2 (Exec base: 0x200002cc, Load base: 0x100573c4, Size: 0x00000364, Max: 0x00005d34, ABSOLUTE)

    Exec Addr    Load Addr    Size         Type   Attr      Idx    E Section Name        Object

    0x200002cc   0x100573c4   0x00000004   Data   RW           10    .data               clock.o
    0x200002d0   0x100573c8   0x00000001   Data   RW         1028    .data               bluenrg1_pka.o
    0x200002d1   0x100573c9   0x00000003   PAD
    0x200002d4   0x100573cc   0x0000000c   Data   RW         1740    .data               sdk_eval_com.o
    0x200002e0   0x100573d8   0x00000004   Data   RW         1741    .data               sdk_eval_com.o
    0x200002e4   0x100573dc   0x00000001   Data   RW         1885    .data               sdk_eval_config.o
    0x200002e5   0x100573dd   0x00000003   PAD
    0x200002e8   0x100573e0   0x00000004   Data   RW         2540    .data               system_bluenrg1.o
    0x200002ec   0x100573e4   0x00000004   Data   RW         2541    .data               system_bluenrg1.o
    0x200002f0   0x100573e8   0x00000004   Data   RW         2542    .data               system_bluenrg1.o
    0x200002f4   0x100573ec   0x00000024   Data   RW         2884    .data               chat.o
    0x20000318   0x10057410   0x00000006   Data   RW         3000    .data               gatt_db.o
    0x2000031e   0x10057416   0x00000002   PAD
    0x20000320   0x10057418   0x00000048   Data   RW         3282    .data               libbluenrg1_stack.a(ll_isr.o)
    0x20000368   0x10057460   0x00000002   Data   RW         3366    .data               libbluenrg1_stack.a(ll_routines_master.o)
    0x2000036a   0x10057462   0x00000002   PAD
    0x2000036c   0x10057464   0x00000004   Data   RW         3888    .data               libbluenrg1_stack.a(mem_alloc.o)
    0x20000370   0x10057468   0x00000002   Data   RW         3942    .data               libbluenrg1_stack.a(pka.o)
    0x20000372   0x1005746a   0x00000002   PAD
    0x20000374   0x1005746c   0x00000004   Data   RW         4137    .data               libbluenrg1_stack.a(smp_common.o)
    0x20000378        -       0x00000020   Zero   RW         2538    .bss                system_bluenrg1.o
    0x20000398        -       0x00000234   Zero   RW         2882    .bss                chat.o
    0x200005cc        -       0x00000020   Zero   RW         2999    .bss                gatt_db.o
    0x200005ec        -       0x00000010   Zero   RW         3322    .bss                libbluenrg1_stack.a(ll_privacy.o)
    0x200005fc        -       0x00000034   Zero   RW         3887    .bss                libbluenrg1_stack.a(mem_alloc.o)


    Execution Region REGION_RAM3 (Exec base: 0x20000630, Load base: 0x10057470, Size: 0x00002250, Max: 0x00005d34, ABSOLUTE, UNINIT)

    Exec Addr    Load Addr    Size         Type   Attr      Idx    E Section Name        Object

    0x20000630        -       0x00002250   Zero   RW         2734    .noinit.data        ble_chat_master_slave_main.o


    Execution Region ARM_LIB_STACKHEAP (Exec base: 0x20005400, Load base: 0x10057470, Size: 0x00000c00, Max: 0x00000c00, ABSOLUTE)

    Exec Addr    Load Addr    Size         Type   Attr      Idx    E Section Name        Object

    0x20005400        -       0x00000c00   Zero   RW            2    ARM_LIB_STACKHEAP.bss  anon$$obj.o


==============================================================================

Image component sizes


      Code (inc. data)   RO Data    RW Data    ZI Data      Debug   Object Name

       338        224         52          0      10888       8695   ble_chat_master_slave_main.o
       116         34          0          0          0       2378   bluenrg1_flash.o
       212          6          0          0          0       1372   bluenrg1_gpio.o
        32          0          0          0          0       3231   bluenrg1_it.o
       392         86          0          1          0       5801   bluenrg1_pka.o
       176         20          0          0          0       1600   bluenrg1_sysctrl.o
       464         46          0          0          0       5798   bluenrg1_uart.o
      2490        904         71         36        564      20344   chat.o
        72         24          4          4          0      50236   clock.o
       160         36          0          0          0        536   context_switch.o
       408        168          0          6         32       2624   gatt_db.o
        42          0          0          0          0       2511   gp_timer.o
       136         12          0          0          0       7020   misc.o
       128         20          0          0          0      10458   miscutil.o
        24          0          0          0          0       1970   osal.o
       320         26          0         16          0       8330   sdk_eval_com.o
        24         10         16          1          0       3913   sdk_eval_config.o
       418          0          0          0          0      37380   stack_user_cfg.o
      1056        138        192        564         32      26341   system_bluenrg1.o

    ----------------------------------------------------------------------
      7028       1754        496        640      16636     200538   Object Totals
         0          0        160          0       5120          0   (incl. Generated)
        20          0          1         12          0          0   (incl. Padding)

    ----------------------------------------------------------------------

      Code (inc. data)   RO Data    RW Data    ZI Data      Debug   Library Member Name

      3092        268        284          0          0          0   aci_events.o
       472         44          0          0          0          0   acl.o
       268          0          0          0          0          0   acl_list.o
      1676         38          0          0          0          0   advance_wakeup_time.o
       184          0          0          0          0          0   aes128cmac.o
      5796         94         16          0          0          0   att.o
       340         10          0          0          0          0   bluenrg_gap_aci.o
       252          0          0          0          0          0   bluenrg_gatt_aci.o
        16          0          0          0          0          0   bluenrg_hal_aci.o
      1012         96          0          0          0          0   bluenrg_main_func.o
        88         10          0          0          0          0   bluenrg_main_func_speed.o
       296         18          0          0          0          0   device_id_data.o
      2666        130          0          0          0          0   gap.o
      3226        100          0          0          0          0   gatt_client.o
      8088        310          0          0          0          0   gatt_server.o
       752         44          0          0          0          0   hal.o
      1208         56          0          0          0          0   hci.o
       890        106          0          0          0          0   host_timer.o
       500         32          0          0          0          0   isr_postproc.o
       792         32          0          0          0          0   isr_routines.o
      1856         58          0          0          0          0   l2cap.o
      7628        268         26         72          0          0   ll_isr.o
      4656        178          0          0         16          0   ll_privacy.o
      1344         70          0          0          0          0   ll_routines.o
      4412        144          0          2          0          0   ll_routines_master.o
       292         30          0          0          0          0   ll_routines_support.o
       804         24          0          4         52          0   mem_alloc.o
      1122          0          0          0          0          0   mem_buff.o
      3308        128          0          0          0          0   multi_master_time.o
        76         16          0          0          0          0   nvm.o
       208         20         64          2          0          0   pka.o
       690         42          0          0          0          0   pm.o
      1032          0          0          0          0          0   rom_att.o
       800         40          0          0          0          0   rom_gap.o
       332         48          0          0          0          0   rom_gap_rom.o
       146          4          0          0          0          0   rom_gatt_server.o
       114          0          0          0          0          0   rom_list.o
       330         10          0          0          0          0   rom_ll_isr_postproc.o
      1400         54          0          0          0          0   rom_ll_isr_routines.o
      3232        164          0          0          0          0   rom_ll_ll_routines.o
       542         36          0          0          0          0   rom_ll_ll_routines_master.o
       152         22          0          0          0          0   rom_ll_routines_support.o
       316         44         16          0          0          0   rom_ll_timehandling.o
      1370         40          0          0          0          0   routines_support.o
      2522         66          0          0          0          0   sdb.o
      5978        170         25          0          0          0   securitymgr.o
      1332         84         16          0          0          0   smp_algo_sap.o
      3484        156          0          4          0          0   smp_common.o
      1554         90         96          0          0          0   smp_scv42_caf.o
       210         14          0          0          0          0   smp_scv42_sap.o
        76          0          0          0          0          0   utils.o
      1998         30        296          0          0        608   crypto.o
        86          0          0          0          0          0   __dczerorl2.o
         0          0          0          0          0          0   entry.o
         0          0          0          0          0          0   entry10a.o
         0          0          0          0          0          0   entry11a.o
         4          0          0          0          0          0   entry12b.o
         8          4          0          0          0          0   entry3.o
         4          0          0          0          0          0   entry5.o
         0          0          0          0          0          0   entry7b.o
         0          0          0          0          0          0   entry8b.o
         8          4          0          0          0          0   entry9a.o
        30          0          0          0          0          0   handlers.o
        36          8          0          0          0         68   init.o
        32          0          0          0          0         68   llshl.o
        34          0          0          0          0         68   llushr.o
        26          0          0          0          0         72   memcmp.o
        66          0          0          0          0         68   memmove.o
        36          0          0          0          0        100   memseta.o
      1172         52          0          0          0        324   printf8.o
        44          0          0          0          0         72   uidiv.o
        96          0          0          0          0         84   uldiv.o
        20          0          0          0          0         60   uread4.o

    ----------------------------------------------------------------------
     86764       3506        844         88         68       1592   Library Totals
       132          0          5          4          0          0   (incl. Padding)

    ----------------------------------------------------------------------

      Code (inc. data)   RO Data    RW Data    ZI Data      Debug   Library Name

     82932       3408        543         84         68          0   libbluenrg1_stack.a
      1998         30        296          0          0        608   libcrypto.a
      1702         68          0          0          0        984   mc_p.l

    ----------------------------------------------------------------------
     86764       3506        844         88         68       1592   Library Totals

    ----------------------------------------------------------------------

==============================================================================


      Code (inc. data)   RO Data    RW Data    ZI Data      Debug   

     93792       5260       1340        728      16704     195578   Grand Totals
     93792       5260       1340        212      16704     195578   ELF Image Totals (compressed)
     93792       5260       1340        212          0          0   ROM Totals

==============================================================================

    Total RO  Size (Code + RO Data)                95132 (  92.90kB)
    Total RW  Size (RW Data + ZI Data)             17432 (  17.02kB)
    Total ROM Size (Code + RO Data + RW Data)      95344 (  93.11kB)

==============================================================================

