<html>
<body>
<pre>
<h1>µVision Build Log</h1>
<h2>Tool Versions:</h2>
IDE-Version: µVision V5.34.0.0
Copyright (C) 2021 ARM Ltd and ARM Germany GmbH. All rights reserved.
License Information: Quoc Bui, BK, LIC=8VRJ7-EPC4U-HL7CL-088UN-UHXEQ-3T80K
 
Tool Versions:
Toolchain:       MDK-ARM Plus  Version: 5.34.0.0
Toolchain Path:  C:\Keil_v5\ARM\ARMCC\Bin
C Compiler:      Armcc.exe V5.06 update 7 (build 960)
Assembler:       Armasm.exe V5.06 update 7 (build 960)
Linker/Locator:  ArmLink.exe V5.06 update 7 (build 960)
Library Manager: ArmAr.exe V5.06 update 7 (build 960)
Hex Converter:   FromElf.exe V5.06 update 7 (build 960)
CPU DLL:         SARMCM3.DLL V5.34.0.0
Dialog DLL:      DARMCM1.DLL V1.19.4.0
Target DLL:      STLink\ST-LINKIII-KEIL_SWO.dll V3.0.8.0
Dialog DLL:      TARMCM1.DLL V1.14.3.0
 
<h2>Project:</h2>
C:\Users\quocq\ST\BlueNRG-1_2 DK 3.2.1\Project\BLE_Examples\DTM\MDK-ARM\BlueNRG-2\DTM.uvprojx
Project File Date:  04/23/2021

<h2>Output:</h2>
*** Using Compiler 'V5.06 update 7 (build 960)', folder: 'C:\Keil_v5\ARM\ARMCC\Bin'
Rebuild target 'UART_Throughput'
compiling osal.c...
compiling DTM_Updater_UART.c...
compiling fifo.c...
compiling BlueNRG1_dma.c...
assembling context_switch.s...
compiling BlueNRG1_gpio.c...
compiling BlueNRG1_flash.c...
compiling miscutil.c...
compiling BlueNRG1_i2c.c...
compiling BlueNRG1_adc.c...
compiling BlueNRG1_mft.c...
compiling BlueNRG1_pka.c...
compiling sleep.c...
compiling BlueNRG1_rtc.c...
compiling BlueNRG1_spi.c...
compiling stack_dle_api_stubs.c...
compiling BlueNRG1_sysCtrl.c...
compiling stack_priv_api_stubs.c...
compiling stack_sc_api_stubs.c...
compiling BlueNRG1_uart.c...
compiling BlueNRG1_wdg.c...
compiling misc.c...
compiling stack_slvonly_api_stubs.c...
compiling stack_user_cfg.c...
compiling cmd.c...
compiling system_bluenrg1.c...
../../../../../Library/CMSIS/Device/ST/BlueNRG1/Source/system_bluenrg1.c(852): warning:  #1215-D: #warning directive: "No definition for SMPS Configuration"
  #warning "No definition for SMPS Configuration"
../../../../../Library/CMSIS/Device/ST/BlueNRG1/Source/system_bluenrg1.c(861): warning:  #1215-D: #warning directive: "No definition for Low Speed Crystal Source"
  #warning "No definition for Low Speed Crystal Source"
../../../../../Library/CMSIS/Device/ST/BlueNRG1/Source/system_bluenrg1.c: 2 warnings, 0 errors
compiling BlueNRG1_it.c...
compiling DTM_burst.c...
compiling DTM_boot.c...
compiling DTM_main.c...
compiling hci_parser.c...
compiling hw_config.c...
compiling DTM_cmds.c...
compiling transport_layer.c...
compiling DTM_cmd_db.c...
linking...
Program Size: Code=131748 RO-data=6768 RW-data=788 ZI-data=27776  
FromELF: creating hex file...
After Build - User command #1: fromelf.exe --bin UART_Throughput\Objects\DTM_UART_Throughput.axf --output UART_Throughput\Objects\DTM_UART_Throughput.bin
".\UART_Throughput\Objects\DTM_UART_Throughput.axf" - 0 Error(s), 2 Warning(s).

<h2>Software Packages used:</h2>

Package Vendor: Keil
                http://www.keil.com/pack/Keil.STBlueNRG-2_DFP.1.0.1.pack
                Keil.STBlueNRG-2_DFP.1.0.1
                STMicroelectronics BlueNRG-2 Series Device Support

<h2>Collection of Component include folders:</h2>

<h2>Collection of Component Files used:</h2>
Build Time Elapsed:  00:00:03
</pre>
</body>
</html>
